Component: ARM Compiler 5.06 update 7 (build 960) Tool: armlink [4d3601]

==============================================================================

Section Cross References

    adc.o(.text) refers to system_lpc407x_8x_177x_8x.o(.data) for PeripheralClock
    comparator.o(.text) refers to comparator.o(.data) for CMP_callback
    gpio.o(.text) refers to gpio.o(.data) for IRQ_status
    timer.o(.text) refers to timer.o(.data) for timer_callback
    uart.o(.text) refers to uart.o(.bss) for Fractional_Divider_Array
    uart.o(.text) refers to uart.o(.data) for UART_callback
    leds.o(.text) refers to gpio.o(.text) for gpio_set
    leds.o(.text) refers to leds.o(.data) for red_flag
    switches.o(.text) refers to gpio.o(.text) for gpio_set_mode
    delay.o(.text) refers to delay.o(.emb_text) for delay_cycles
    complex_g3.o(.text) refers to cos.o(i.__hardfp_cos) for __hardfp_cos
    complex_g3.o(.text) refers to dmul.o(x$fpl$dmul) for __aeabi_dmul
    complex_g3.o(.text) refers to sin.o(i.__hardfp_sin) for __hardfp_sin
    complex_g3.o(.text) refers to daddsub_clz.o(x$fpl$dadd) for __aeabi_dadd
    complex_g3.o(.text) refers to sqrt.o(i.__hardfp_sqrt) for __hardfp_sqrt
    complex_g3.o(.text) refers to daddsub_clz.o(x$fpl$dsub) for __aeabi_dsub
    main.o(.text) refers to algorithm_setter.o(.text) for algorithm_setter
    main.o(.text) refers to eeprom_g3.o(.text) for write_eeprom_g3
    main.o(.text) refers to fft.o(.text) for FFT_simple
    main.o(.text) refers to decoder.o(.text) for decode_dtmf
    main.o(.text) refers to leds.o(.text) for leds_set
    main.o(.text) refers to gtzl.o(.text) for goertzel
    main.o(.text) refers to decoder_gtzl.o(.text) for decoder_gtzl
    main.o(.text) refers to frequencies_comparator.o(.text) for frequencies_comparator
    main.o(.text) refers to lcd.o(.text) for print_top
    main.o(.text) refers to strlen.o(.text) for strlen
    main.o(.text) refers to errorm.o(.text) for printError
    main.o(.text) refers to gpio.o(.text) for gpio_set_mode
    main.o(.text) refers to eeprom.o(.text) for EEPROM_Init
    main.o(.text) refers to reader.o(.text) for reader_init
    main.o(.text) refers to scroll_lcd.o(.text) for scroll_LCD
    main.o(.text) refers to reader.o(.data) for status_flag
    main.o(.text) refers to main.o(.data) for algorithm
    main.o(.text) refers to main.o(.bss) for sequence
    reader.o(.text) refers to ddiv.o(x$fpl$ddiv) for __aeabi_ddiv
    reader.o(.text) refers to adc.o(.text) for adc_init
    reader.o(.text) refers to dflt_clz.o(x$fpl$dflt) for __aeabi_i2d
    reader.o(.text) refers to dmul.o(x$fpl$dmul) for __aeabi_dmul
    reader.o(.text) refers to daddsub_clz.o(x$fpl$dsub) for __aeabi_dsub
    reader.o(.text) refers to mask_calibrate.o(.text) for mask_calibrate
    reader.o(.text) refers to leds.o(.text) for leds_set
    reader.o(.text) refers to reader.o(.data) for current_array
    reader.o(.text) refers to reader.o(.bss) for main_array
    reader.o(.text) refers to system_lpc407x_8x_177x_8x.o(.data) for SystemCoreClock
    errorm.o(.text) refers to leds.o(.text) for leds_set
    errorm.o(.text) refers to lcd.o(.text) for lcd_set_cursor
    errorm.o(.text) refers to strcpy.o(.text) for strcpy
    errorm.o(.text) refers to strcat.o(.text) for strcat
    errorm.o(.text) refers to delay.o(.text) for delay_ms
    errorm.o(.text) refers to errorm.o(.bss) for p
    decoder.o(.text) refers to dmul.o(x$fpl$dmul) for __aeabi_dmul
    decoder.o(.text) refers to daddsub_clz.o(x$fpl$dadd) for __aeabi_dadd
    decoder.o(.text) refers to sqrt.o(i.__hardfp_sqrt) for __hardfp_sqrt
    decoder.o(.text) refers to dflt_clz.o(x$fpl$dflt) for __aeabi_i2d
    decoder.o(.text) refers to ddiv.o(x$fpl$ddiv) for __aeabi_ddiv
    decoder.o(.text) refers to complex_g3.o(.text) for complex_magnitude
    decoder.o(.text) refers to daddsub_clz.o(x$fpl$drsb) for __aeabi_drsub
    decoder.o(.text) refers to fabs.o(i.__hardfp_fabs) for __hardfp_fabs
    decoder.o(.text) refers to dleqf.o(x$fpl$dleqf) for __aeabi_cdcmple
    decoder.o(.text) refers to drleqf.o(x$fpl$drleqf) for __aeabi_cdrcmple
    decoder.o(.text) refers to decoder.o(.constdata) for dtmf_low_freqs
    fft.o(.text) refers to dflt_clz.o(x$fpl$dflt) for __aeabi_i2d
    fft.o(.text) refers to dmul.o(x$fpl$dmul) for __aeabi_dmul
    fft.o(.text) refers to ddiv.o(x$fpl$ddiv) for __aeabi_ddiv
    fft.o(.text) refers to cos.o(i.__hardfp_cos) for __hardfp_cos
    fft.o(.text) refers to sin.o(i.__hardfp_sin) for __hardfp_sin
    fft.o(.text) refers to daddsub_clz.o(x$fpl$dsub) for __aeabi_dsub
    fft.o(.text) refers to daddsub_clz.o(x$fpl$dadd) for __aeabi_dadd
    fft.o(.text) refers to fft.o(.bss) for twiddles
    decoder_gtzl.o(.text) refers to drleqf.o(x$fpl$drleqf) for __aeabi_cdrcmple
    decoder_gtzl.o(.text) refers to decoder_gtzl.o(.constdata) for .constdata
    decoder_gtzl.o(.text) refers to gtzl.o(.constdata) for DTMF_FRQS
[...]
    ../clib/string.c                         0x00000000   Number         0  strcat.o ABSOLUTE
    ../clib/string.c                         0x00000000   Number         0  strlen.o ABSOLUTE
    ../clib/string.c                         0x00000000   Number         0  strcpy.o ABSOLUTE
    ../fplib/basic.s                         0x00000000   Number         0  basic.o ABSOLUTE
    ../fplib/daddsub.s                       0x00000000   Number         0  daddsub_clz.o ABSOLUTE
    ../fplib/dcmpi.s                         0x00000000   Number         0  dcmpi.o ABSOLUTE
    ../fplib/ddiv.s                          0x00000000   Number         0  ddiv.o ABSOLUTE
    ../fplib/dfix.s                          0x00000000   Number         0  dfix.o ABSOLUTE
    ../fplib/dflt.s                          0x00000000   Number         0  dflt_clz.o ABSOLUTE
    ../fplib/dleqf.s                         0x00000000   Number         0  dleqf.o ABSOLUTE
    ../fplib/dmul.s                          0x00000000   Number         0  dmul.o ABSOLUTE
    ../fplib/dnaninf.s                       0x00000000   Number         0  dnaninf.o ABSOLUTE
    ../fplib/dretinf.s                       0x00000000   Number         0  dretinf.o ABSOLUTE
    ../fplib/drleqf.s                        0x00000000   Number         0  drleqf.o ABSOLUTE
    ../fplib/dsqrt.s                         0x00000000   Number         0  dsqrt_umaal.o ABSOLUTE
    ../fplib/fpinit.s                        0x00000000   Number         0  fpinit.o ABSOLUTE
    ../fplib/usenofp.s                       0x00000000   Number         0  usenofp.o ABSOLUTE
    ../mathlib/cos.c                         0x00000000   Number         0  cos.o ABSOLUTE
    ../mathlib/cos.c                         0x00000000   Number         0  cos_x.o ABSOLUTE
    ../mathlib/cos_i.c                       0x00000000   Number         0  cos_i.o ABSOLUTE
    ../mathlib/dunder.c                      0x00000000   Number         0  dunder.o ABSOLUTE
    ../mathlib/fabs.c                        0x00000000   Number         0  fabs.o ABSOLUTE
    ../mathlib/fpclassify.c                  0x00000000   Number         0  fpclassify.o ABSOLUTE
    ../mathlib/poly.c                        0x00000000   Number         0  poly.o ABSOLUTE
    ../mathlib/rred.c                        0x00000000   Number         0  rred.o ABSOLUTE
    ../mathlib/sin.c                         0x00000000   Number         0  sin_x.o ABSOLUTE
    ../mathlib/sin.c                         0x00000000   Number         0  sin.o ABSOLUTE
    ../mathlib/sin_i.c                       0x00000000   Number         0  sin_i_x.o ABSOLUTE
    ../mathlib/sin_i.c                       0x00000000   Number         0  sin_i.o ABSOLUTE
    ../mathlib/sqrt.c                        0x00000000   Number         0  sqrt_x.o ABSOLUTE
    ../mathlib/sqrt.c                        0x00000000   Number         0  sqrt.o ABSOLUTE
    RTE/Device/LPC4088FET208/startup_LPC407x_8x_177x_8x.s 0x00000000   Number         0  startup_lpc407x_8x_177x_8x.o ABSOLUTE
    RTE/Device/LPC4088FET208/system_LPC407x_8x_177x_8x.c 0x00000000   Number         0  system_lpc407x_8x_177x_8x.o ABSOLUTE
    RTE\Device\LPC4088FET208\system_LPC407x_8x_177x_8x.c 0x00000000   Number         0  system_lpc407x_8x_177x_8x.o ABSOLUTE
    dc.s                                     0x00000000   Number         0  dc.o ABSOLUTE
    drivers\\adc.c                           0x00000000   Number         0  adc.o ABSOLUTE
    drivers\\comparator.c                    0x00000000   Number         0  comparator.o ABSOLUTE
    drivers\\dac.c                           0x00000000   Number         0  dac.o ABSOLUTE
    drivers\\delay.c                         0x00000000   Number         0  delay.o ABSOLUTE
    drivers\\eeprom.c                        0x00000000   Number         0  eeprom.o ABSOLUTE
    drivers\\gpio.c                          0x00000000   Number         0  gpio.o ABSOLUTE
    drivers\\i2c.c                           0x00000000   Number         0  i2c.o ABSOLUTE
    drivers\\leds.c                          0x00000000   Number         0  leds.o ABSOLUTE
    drivers\\switches.c                      0x00000000   Number         0  switches.o ABSOLUTE
    drivers\\timer.c                         0x00000000   Number         0  timer.o ABSOLUTE
    drivers\\uart.c                          0x00000000   Number         0  uart.o ABSOLUTE
    drivers\adc.c                            0x00000000   Number         0  adc.o ABSOLUTE
    drivers\comparator.c                     0x00000000   Number         0  comparator.o ABSOLUTE
    drivers\dac.c                            0x00000000   Number         0  dac.o ABSOLUTE
    drivers\delay.c                          0x00000000   Number         0  delay.o ABSOLUTE
    drivers\eeprom.c                         0x00000000   Number         0  eeprom.o ABSOLUTE
    drivers\gpio.c                           0x00000000   Number         0  gpio.o ABSOLUTE
    drivers\i2c.c                            0x00000000   Number         0  i2c.o ABSOLUTE
    drivers\leds.c                           0x00000000   Number         0  leds.o ABSOLUTE
    drivers\switches.c                       0x00000000   Number         0  switches.o ABSOLUTE
    drivers\timer.c                          0x00000000   Number         0  timer.o ABSOLUTE
    drivers\uart.c                           0x00000000   Number         0  uart.o ABSOLUTE
    src\\algorithm_setter.c                  0x00000000   Number         0  algorithm_setter.o ABSOLUTE
    src\\complex_g3.c                        0x00000000   Number         0  complex_g3.o ABSOLUTE
    src\\decoder.c                           0x00000000   Number         0  decoder.o ABSOLUTE
    src\\decoder_gtzl.c                      0x00000000   Number         0  decoder_gtzl.o ABSOLUTE
    src\\eeprom_g3.c                         0x00000000   Number         0  eeprom_g3.o ABSOLUTE
    src\\errorm.c                            0x00000000   Number         0  errorm.o ABSOLUTE
    src\\fft.c                               0x00000000   Number         0  fft.o ABSOLUTE
    src\\frequencies_comparator.c            0x00000000   Number         0  frequencies_comparator.o ABSOLUTE
    src\\gtzl.c                              0x00000000   Number         0  gtzl.o ABSOLUTE
    src\\lcd.c                               0x00000000   Number         0  lcd.o ABSOLUTE
    src\\main.c                              0x00000000   Number         0  main.o ABSOLUTE
    src\\mask_calibrate.c                    0x00000000   Number         0  mask_calibrate.o ABSOLUTE
    src\\reader.c                            0x00000000   Number         0  reader.o ABSOLUTE
    src\\scroll_lcd.c                        0x00000000   Number         0  scroll_lcd.o ABSOLUTE
    src\algorithm_setter.c                   0x00000000   Number         0  algorithm_setter.o ABSOLUTE
    src\complex_g3.c                         0x00000000   Number         0  complex_g3.o ABSOLUTE
    src\decoder.c                            0x00000000   Number         0  decoder.o ABSOLUTE
    src\decoder_gtzl.c                       0x00000000   Number         0  decoder_gtzl.o ABSOLUTE
    src\eeprom_g3.c                          0x00000000   Number         0  eeprom_g3.o ABSOLUTE
    src\errorm.c                             0x00000000   Number         0  errorm.o ABSOLUTE
    src\fft.c                                0x00000000   Number         0  fft.o ABSOLUTE
    src\frequencies_comparator.c             0x00000000   Number         0  frequencies_comparator.o ABSOLUTE
    src\gtzl.c                               0x00000000   Number         0  gtzl.o ABSOLUTE
    src\lcd.c                                0x00000000   Number         0  lcd.o ABSOLUTE
    src\main.c                               0x00000000   Number         0  main.o ABSOLUTE
    src\mask_calibrate.c                     0x00000000   Number         0  mask_calibrate.o ABSOLUTE
    src\reader.c                             0x00000000   Number         0  reader.o ABSOLUTE
    src\scroll_lcd.c                         0x00000000   Number         0  scroll_lcd.o ABSOLUTE
    !!!main                                  0x000000ec   Section        8  __main.o(!!!main)
    !!!scatter                               0x000000f4   Section       52  __scatter.o(!!!scatter)
    !!dczerorl2                              0x00000128   Section       90  __dczerorl2.o(!!dczerorl2)
    !!handler_zi                             0x00000184   Section       28  __scatter_zi.o(!!handler_zi)
    .ARM.Collect$$libinit$$00000000          0x000001a0   Section        2  libinit.o(.ARM.Collect$$libinit$$00000000)
    .ARM.Collect$$libinit$$00000001          0x000001a2   Section        4  libinit2.o(.ARM.Collect$$libinit$$00000001)
    .ARM.Collect$$libinit$$00000004          0x000001a6   Section        0  libinit2.o(.ARM.Collect$$libinit$$00000004)
    .ARM.Collect$$libinit$$0000000A          0x000001a6   Section        0  libinit2.o(.ARM.Collect$$libinit$$0000000A)
    .ARM.Collect$$libinit$$0000000C          0x000001a6   Section        0  libinit2.o(.ARM.Collect$$libinit$$0000000C)
    .ARM.Collect$$libinit$$0000000E          0x000001a6   Section        0  libinit2.o(.ARM.Collect$$libinit$$0000000E)
    .ARM.Collect$$libinit$$00000011          0x000001a6   Section        0  libinit2.o(.ARM.Collect$$libinit$$00000011)
    .ARM.Collect$$libinit$$00000013          0x000001a6   Section        0  libinit2.o(.ARM.Collect$$libinit$$00000013)
    .ARM.Collect$$libinit$$00000015          0x000001a6   Section        0  libinit2.o(.ARM.Collect$$libinit$$00000015)
    .ARM.Collect$$libinit$$00000017          0x000001a6   Section        0  libinit2.o(.ARM.Collect$$libinit$$00000017)
    .ARM.Collect$$libinit$$00000019          0x000001a6   Section        0  libinit2.o(.ARM.Collect$$libinit$$00000019)
    .ARM.Collect$$libinit$$0000001B          0x000001a6   Section        0  libinit2.o(.ARM.Collect$$libinit$$0000001B)
    .ARM.Collect$$libinit$$0000001D          0x000001a6   Section        0  libinit2.o(.ARM.Collect$$libinit$$0000001D)
    .ARM.Collect$$libinit$$0000001F          0x000001a6   Section        0  libinit2.o(.ARM.Collect$$libinit$$0000001F)
    .ARM.Collect$$libinit$$00000021          0x000001a6   Section        0  libinit2.o(.ARM.Collect$$libinit$$00000021)
    .ARM.Collect$$libinit$$00000023          0x000001a6   Section        0  libinit2.o(.ARM.Collect$$libinit$$00000023)
    .ARM.Collect$$libinit$$00000025          0x000001a6   Section        0  libinit2.o(.ARM.Collect$$libinit$$00000025)
    .ARM.Collect$$libinit$$0000002C          0x000001a6   Section        0  libinit2.o(.ARM.Collect$$libinit$$0000002C)
    .ARM.Collect$$libinit$$0000002E          0x000001a6   Section        0  libinit2.o(.ARM.Collect$$libinit$$0000002E)
    .ARM.Collect$$libinit$$00000030          0x000001a6   Section        0  libinit2.o(.ARM.Collect$$libinit$$00000030)
    .ARM.Collect$$libinit$$00000032          0x000001a6   Section        0  libinit2.o(.ARM.Collect$$libinit$$00000032)
    .ARM.Collect$$libinit$$00000033          0x000001a6   Section        2  libinit2.o(.ARM.Collect$$libinit$$00000033)
    .ARM.Collect$$libshutdown$$00000000      0x000001a8   Section        2  libshutdown.o(.ARM.Collect$$libshutdown$$00000000)
    .ARM.Collect$$libshutdown$$00000002      0x000001aa   Section        0  libshutdown2.o(.ARM.Collect$$libshutdown$$00000002)
    .ARM.Collect$$libshutdown$$00000004      0x000001aa   Section        0  libshutdown2.o(.ARM.Collect$$libshutdown$$00000004)
    .ARM.Collect$$libshutdown$$00000006      0x000001aa   Section        0  libshutdown2.o(.ARM.Collect$$libshutdown$$00000006)
    .ARM.Collect$$libshutdown$$00000009      0x000001aa   Section        0  libshutdown2.o(.ARM.Collect$$libshutdown$$00000009)
    .ARM.Collect$$libshutdown$$0000000C      0x000001aa   Section        0  libshutdown2.o(.ARM.Collect$$libshutdown$$0000000C)
    .ARM.Collect$$libshutdown$$0000000E      0x000001aa   Section        0  libshutdown2.o(.ARM.Collect$$libshutdown$$0000000E)
    .ARM.Collect$$libshutdown$$00000011      0x000001aa   Section        0  libshutdown2.o(.ARM.Collect$$libshutdown$$00000011)
    .ARM.Collect$$libshutdown$$00000012      0x000001aa   Section        2  libshutdown2.o(.ARM.Collect$$libshutdown$$00000012)
    .ARM.Collect$$rtentry$$00000000          0x000001ac   Section        0  __rtentry.o(.ARM.Collect$$rtentry$$00000000)
    .ARM.Collect$$rtentry$$00000002          0x000001ac   Section        0  __rtentry2.o(.ARM.Collect$$rtentry$$00000002)
    .ARM.Collect$$rtentry$$00000004          0x000001ac   Section        6  __rtentry4.o(.ARM.Collect$$rtentry$$00000004)
    .ARM.Collect$$rtentry$$00000009          0x000001b2   Section        0  __rtentry2.o(.ARM.Collect$$rtentry$$00000009)
    .ARM.Collect$$rtentry$$0000000A          0x000001b2   Section        4  __rtentry2.o(.ARM.Collect$$rtentry$$0000000A)
    .ARM.Collect$$rtentry$$0000000C          0x000001b6   Section        0  __rtentry2.o(.ARM.Collect$$rtentry$$0000000C)
    .ARM.Collect$$rtentry$$0000000D          0x000001b6   Section        8  __rtentry2.o(.ARM.Collect$$rtentry$$0000000D)
    .ARM.Collect$$rtexit$$00000000           0x000001be   Section        2  rtexit.o(.ARM.Collect$$rtexit$$00000000)
    .ARM.Collect$$rtexit$$00000002           0x000001c0   Section        0  rtexit2.o(.ARM.Collect$$rtexit$$00000002)
    .ARM.Collect$$rtexit$$00000003           0x000001c0   Section        4  rtexit2.o(.ARM.Collect$$rtexit$$00000003)
    .ARM.Collect$$rtexit$$00000004           0x000001c4   Section        6  rtexit2.o(.ARM.Collect$$rtexit$$00000004)
    .emb_text                                0x000001cc   Section       12  delay.o(.emb_text)
    $v0                                      0x000001cc   Number         0  delay.o(.emb_text)
    .emb_text                                0x000001d8   Section      112  frequencies_comparator.o(.emb_text)
    $v0                                      0x000001d8   Number         0  frequencies_comparator.o(.emb_text)
    .text                                    0x00000248   Section        0  leds.o(.text)
    .text                                    0x000002dc   Section        0  strcat.o(.text)
    .text                                    0x000002f4   Section        0  heapauxi.o(.text)
    .text                                    0x000002fa   Section        2  use_no_semi.o(.text)
    .ARM.__at_0x02FC                         0x000002fc   Section        4  startup_lpc407x_8x_177x_8x.o(.ARM.__at_0x02FC)
    .text                                    0x00000300   Section        0  adc.o(.text)
    .text                                    0x000003d0   Section        0  comparator.o(.text)
    .text                                    0x00000600   Section        0  gpio.o(.text)
    .text                                    0x00000978   Section        0  timer.o(.text)
    .text                                    0x00000a84   Section        0  uart.o(.text)
    .text                                    0x00001788   Section        0  switches.o(.text)
    .text                                    0x000017d4   Section        0  delay.o(.text)
    .text                                    0x0000182c   Section        0  eeprom.o(.text)
    .text                                    0x00001be8   Section        0  complex_g3.o(.text)
    .text                                    0x00001e70   Section        0  main.o(.text)
    .text                                    0x00002034   Section        0  reader.o(.text)
    .text                                    0x00002270   Section        0  errorm.o(.text)
    .text                                    0x000022f4   Section        0  decoder.o(.text)
    .text                                    0x00002638   Section        0  fft.o(.text)
    .text                                    0x000028b4   Section        0  decoder_gtzl.o(.text)
    .text                                    0x00002978   Section        0  gtzl.o(.text)
    .text                                    0x00002f84   Section        0  lcd.o(.text)
    lcd_write_data                           0x0000312b   Thumb Code    24  lcd.o(.text)
    .text                                    0x00003284   Section        0  eeprom_g3.o(.text)
    .text                                    0x000032bc   Section        0  algorithm_setter.o(.text)
    .text                                    0x000033d4   Section        0  frequencies_comparator.o(.text)
    .text                                    0x000034b4   Section        0  mask_calibrate.o(.text)
    .text                                    0x00003c20   Section        0  scroll_lcd.o(.text)
    .text                                    0x00003d58   Section       64  startup_lpc407x_8x_177x_8x.o(.text)
    $v0                                      0x00003d58   Number         0  startup_lpc407x_8x_177x_8x.o(.text)
    .text                                    0x00003d98   Section        0  system_lpc407x_8x_177x_8x.o(.text)
    .text                                    0x000041a0   Section        0  strcpy.o(.text)
    .text                                    0x000041e8   Section        0  strlen.o(.text)
    .text                                    0x00004226   Section      100  rt_memcpy_w.o(.text)
    .text                                    0x0000428a   Section       86  strncpy.o(.text)
    .text                                    0x000042e0   Section        0  _rserrno.o(.text)
    .text                                    0x000042f6   Section       68  rt_memclr.o(.text)
    .text                                    0x0000433c   Section        8  rt_errno_addr_intlibspace.o(.text)
    .text                                    0x00004344   Section       78  rt_memclr_w.o(.text)
    .text                                    0x00004394   Section        8  libspace.o(.text)
    .text                                    0x0000439c   Section       74  sys_stackheap_outer.o(.text)
    .text                                    0x000043e6   Section        0  exit.o(.text)
    .text                                    0x000043f8   Section        0  sys_exit.o(.text)
    .text                                    0x00004404   Section        0  indicate_semi.o(.text)
    i.__ARM_fpclassify                       0x00004404   Section        0  fpclassify.o(i.__ARM_fpclassify)
    i.__hardfp_cos                           0x00004438   Section        0  cos.o(i.__hardfp_cos)
    i.__hardfp_fabs                          0x00004500   Section        0  fabs.o(i.__hardfp_fabs)
    i.__hardfp_sin                           0x00004518   Section        0  sin.o(i.__hardfp_sin)
    i.__hardfp_sqrt                          0x000045e0   Section        0  sqrt.o(i.__hardfp_sqrt)
    i.__ieee754_rem_pio2                     0x00004660   Section        0  rred.o(i.__ieee754_rem_pio2)
    i.__kernel_cos                           0x00004a98   Section        0  cos_i.o(i.__kernel_cos)
    i.__kernel_poly                          0x00004c08   Section        0  poly.o(i.__kernel_poly)
    i.__kernel_sin                           0x00004d00   Section        0  sin_i.o(i.__kernel_sin)
    i.__mathlib_dbl_infnan                   0x00004e30   Section        0  dunder.o(i.__mathlib_dbl_infnan)
    i.__mathlib_dbl_invalid                  0x00004e48   Section        0  dunder.o(i.__mathlib_dbl_invalid)
    i.__mathlib_dbl_underflow                0x00004e68   Section        0  dunder.o(i.__mathlib_dbl_underflow)
    i.fabs                                   0x00004e88   Section        0  fabs.o(i.fabs)
    x$fpl$basic                              0x00004ea0   Section       24  basic.o(x$fpl$basic)
    $v0                                      0x00004ea0   Number         0  basic.o(x$fpl$basic)
    x$fpl$dadd                               0x00004eb8   Section      336  daddsub_clz.o(x$fpl$dadd)
    $v0                                      0x00004eb8   Number         0  daddsub_clz.o(x$fpl$dadd)
    _dadd1                                   0x00004ec9   Thumb Code     0  daddsub_clz.o(x$fpl$dadd)
    x$fpl$dcmpinf                            0x00005008   Section       24  dcmpi.o(x$fpl$dcmpinf)
    $v0                                      0x00005008   Number         0  dcmpi.o(x$fpl$dcmpinf)
    x$fpl$ddiv                               0x00005020   Section      688  ddiv.o(x$fpl$ddiv)
    $v0                                      0x00005020   Number         0  ddiv.o(x$fpl$ddiv)
    ddiv_entry                               0x00005027   Thumb Code     0  ddiv.o(x$fpl$ddiv)
    x$fpl$dfix                               0x000052d0   Section       94  dfix.o(x$fpl$dfix)
    $v0                                      0x000052d0   Number         0  dfix.o(x$fpl$dfix)
    x$fpl$dflt                               0x0000532e   Section       46  dflt_clz.o(x$fpl$dflt)
    $v0                                      0x0000532e   Number         0  dflt_clz.o(x$fpl$dflt)
    x$fpl$dfltu                              0x0000535c   Section       38  dflt_clz.o(x$fpl$dfltu)
    $v0                                      0x0000535c   Number         0  dflt_clz.o(x$fpl$dfltu)
    x$fpl$dleqf                              0x00005384   Section      120  dleqf.o(x$fpl$dleqf)
    $v0                                      0x00005384   Number         0  dleqf.o(x$fpl$dleqf)
    x$fpl$dmul                               0x000053fc   Section      340  dmul.o(x$fpl$dmul)
    $v0                                      0x000053fc   Number         0  dmul.o(x$fpl$dmul)
    x$fpl$dnaninf                            0x00005550   Section      156  dnaninf.o(x$fpl$dnaninf)
    $v0                                      0x00005550   Number         0  dnaninf.o(x$fpl$dnaninf)
    x$fpl$dretinf                            0x000055ec   Section       12  dretinf.o(x$fpl$dretinf)
    $v0                                      0x000055ec   Number         0  dretinf.o(x$fpl$dretinf)
    x$fpl$drleqf                             0x000055f8   Section      108  drleqf.o(x$fpl$drleqf)
    $v0                                      0x000055f8   Number         0  drleqf.o(x$fpl$drleqf)
    x$fpl$drsb                               0x00005664   Section       22  daddsub_clz.o(x$fpl$drsb)
    $v0                                      0x00005664   Number         0  daddsub_clz.o(x$fpl$drsb)
    x$fpl$dsqrt                              0x0000567c   Section      408  dsqrt_umaal.o(x$fpl$dsqrt)
    $v0                                      0x0000567c   Number         0  dsqrt_umaal.o(x$fpl$dsqrt)
    x$fpl$dsub                               0x00005814   Section      468  daddsub_clz.o(x$fpl$dsub)
    $v0                                      0x00005814   Number         0  daddsub_clz.o(x$fpl$dsub)
    _dsub1                                   0x00005825   Thumb Code     0  daddsub_clz.o(x$fpl$dsub)
    x$fpl$fpinit                             0x000059e8   Section       10  fpinit.o(x$fpl$fpinit)
    $v0                                      0x000059e8   Number         0  fpinit.o(x$fpl$fpinit)
    x$fpl$usenofp                            0x000059f2   Section        0  usenofp.o(x$fpl$usenofp)
    .constdata                               0x000059f8   Section       60  decoder.o(.constdata)
    .constdata                               0x00005a38   Section       20  decoder_gtzl.o(.constdata)
    .constdata                               0x00005a50   Section      180  gtzl.o(.constdata)
    .constdata                               0x00005b04   Section      142  algorithm_setter.o(.constdata)
    .constdata                               0x00005b94   Section       16  frequencies_comparator.o(.constdata)
    .constdata                               0x00005ba8   Section       48  cos_i.o(.constdata)
    C                                        0x00005ba8   Data          48  cos_i.o(.constdata)
    .constdata                               0x00005bd8   Section      200  rred.o(.constdata)
    pio2s                                    0x00005bd8   Data          48  rred.o(.constdata)
    twooverpi                                0x00005c08   Data         152  rred.o(.constdata)
    .constdata                               0x00005ca0   Section       40  sin_i.o(.constdata)
    S                                        0x00005ca0   Data          40  sin_i.o(.constdata)
    .data                                    0x10000000   Section        4  comparator.o(.data)
    CMP_callback                             0x10000000   Data           4  comparator.o(.data)
    .data                                    0x10000004   Section       16  gpio.o(.data)
    GPIO_callback                            0x10000010   Data           4  gpio.o(.data)
    .data                                    0x10000014   Section        4  timer.o(.data)
    timer_callback                           0x10000014   Data           4  timer.o(.data)
    .data                                    0x10000018   Section        4  uart.o(.data)
    UART_callback                            0x10000018   Data           4  uart.o(.data)
    .data                                    0x1000001c   Section        4  leds.o(.data)
    .data                                    0x10000020   Section       16  main.o(.data)
    .data                                    0x10000030   Section       68  reader.o(.data)
    .data                                    0x10000074   Section        1  lcd.o(.data)
    .data                                    0x10000078   Section      292  mask_calibrate.o(.data)
    .data                                    0x1000019c   Section        4  scroll_lcd.o(.data)
    .data                                    0x100001a0   Section       16  system_lpc407x_8x_177x_8x.o(.data)
    .bss                                     0x100001b0   Section      864  uart.o(.bss)
    .bss                                     0x10000510   Section      100  main.o(.bss)
    .bss                                     0x10000578   Section    16384  reader.o(.bss)
    .bss                                     0x10004578   Section       28  errorm.o(.bss)
    .bss                                     0x10004598   Section    24576  fft.o(.bss)
    .bss                                     0x1000a598   Section       96  libspace.o(.bss)
    HEAP                                     0x1000a5f8   Section     1024  startup_lpc407x_8x_177x_8x.o(HEAP)
    Heap_Mem                                 0x1000a5f8   Data        1024  startup_lpc407x_8x_177x_8x.o(HEAP)
    STACK                                    0x1000a9f8   Section     1024  startup_lpc407x_8x_177x_8x.o(STACK)
    Stack_Mem                                0x1000a9f8   Data        1024  startup_lpc407x_8x_177x_8x.o(STACK)
    __initial_sp                             0x1000adf8   Data           0  startup_lpc407x_8x_177x_8x.o(STACK)

    Global Symbols

    Symbol Name                              Value     Ov Type        Size  Object(Section)

    BuildAttributes$$THM_ISAv4$E$P$D$K$B$S$7EM$VFPi3$EXTD16$VFPS$VFMA$PE$A:L22UL41UL21$X:L11$S22US41US21$IEEE1$IW$USESV6$~STKCKD$USESV7$~SHL$OTIME$ROPI$IEEEX$EBA8$UX$STANDARDLIB$REQ8$PRES8$EABIv2 0x00000000   Number         0  anon$$obj.o ABSOLUTE
    __ARM_use_no_argv                        0x00000000   Number         0  main.o ABSOLUTE
    __Vectors                                0x00000000   Data           4  startup_lpc407x_8x_177x_8x.o(RESET)
    __ARM_exceptions_init                     - Undefined Weak Reference
    __alloca_initialize                       - Undefined Weak Reference
    __arm_fini_                               - Undefined Weak Reference
    __arm_preinit_                            - Undefined Weak Reference
    __cpp_initialize__aeabi_                  - Undefined Weak Reference
    __cxa_finalize                            - Undefined Weak Reference
    __rt_locale                               - Undefined Weak Reference
    __sigvec_lookup                           - Undefined Weak Reference
    _atexit_init                              - Undefined Weak Reference
    _call_atexit_fns                          - Undefined Weak Reference
    _clock_init                               - Undefined Weak Reference
    _fp_trap_init                             - Undefined Weak Reference
    _fp_trap_shutdown                         - Undefined Weak Reference
    _get_lc_collate                           - Undefined Weak Reference
    _get_lc_ctype                             - Undefined Weak Reference
    _get_lc_monetary                          - Undefined Weak Reference
    _get_lc_numeric                           - Undefined Weak Reference
    _get_lc_time                              - Undefined Weak Reference
    _getenv_init                              - Undefined Weak Reference
    _handle_redirection                       - Undefined Weak Reference
    _init_alloc                               - Undefined Weak Reference
    _init_user_alloc                          - Undefined Weak Reference
    _initio                                   - Undefined Weak Reference
    _rand_init                                - Undefined Weak Reference
    _signal_finish                            - Undefined Weak Reference
    _signal_init                              - Undefined Weak Reference
    _terminate_alloc                          - Undefined Weak Reference
    _terminate_user_alloc                     - Undefined Weak Reference
    _terminateio                              - Undefined Weak Reference
    __main                                   0x000000ed   Thumb Code     8  __main.o(!!!main)
    __scatterload                            0x000000f5   Thumb Code     0  __scatter.o(!!!scatter)
    __scatterload_rt2                        0x000000f5   Thumb Code    44  __scatter.o(!!!scatter)
    __scatterload_rt2_thumb_only             0x000000f5   Thumb Code     0  __scatter.o(!!!scatter)
    __scatterload_null                       0x00000103   Thumb Code     0  __scatter.o(!!!scatter)
    __decompress                             0x00000129   Thumb Code    90  __dczerorl2.o(!!dczerorl2)
    __decompress1                            0x00000129   Thumb Code     0  __dczerorl2.o(!!dczerorl2)
    __scatterload_zeroinit                   0x00000185   Thumb Code    28  __scatter_zi.o(!!handler_zi)
    __rt_lib_init                            0x000001a1   Thumb Code     0  libinit.o(.ARM.Collect$$libinit$$00000000)
    __rt_lib_init_fp_1                       0x000001a3   Thumb Code     0  libinit2.o(.ARM.Collect$$libinit$$00000001)
    __rt_lib_init_alloca_1                   0x000001a7   Thumb Code     0  libinit2.o(.ARM.Collect$$libinit$$0000002E)
    __rt_lib_init_argv_1                     0x000001a7   Thumb Code     0  libinit2.o(.ARM.Collect$$libinit$$0000002C)
    __rt_lib_init_atexit_1                   0x000001a7   Thumb Code     0  libinit2.o(.ARM.Collect$$libinit$$0000001B)
    __rt_lib_init_clock_1                    0x000001a7   Thumb Code     0  libinit2.o(.ARM.Collect$$libinit$$00000021)
    __rt_lib_init_cpp_1                      0x000001a7   Thumb Code     0  libinit2.o(.ARM.Collect$$libinit$$00000032)
    __rt_lib_init_exceptions_1               0x000001a7   Thumb Code     0  libinit2.o(.ARM.Collect$$libinit$$00000030)
    __rt_lib_init_fp_trap_1                  0x000001a7   Thumb Code     0  libinit2.o(.ARM.Collect$$libinit$$0000001F)
    __rt_lib_init_getenv_1                   0x000001a7   Thumb Code     0  libinit2.o(.ARM.Collect$$libinit$$00000023)
    __rt_lib_init_heap_1                     0x000001a7   Thumb Code     0  libinit2.o(.ARM.Collect$$libinit$$0000000A)
    __rt_lib_init_lc_collate_1               0x000001a7   Thumb Code     0  libinit2.o(.ARM.Collect$$libinit$$00000011)
    __rt_lib_init_lc_ctype_1                 0x000001a7   Thumb Code     0  libinit2.o(.ARM.Collect$$libinit$$00000013)
    __rt_lib_init_lc_monetary_1              0x000001a7   Thumb Code     0  libinit2.o(.ARM.Collect$$libinit$$00000015)
    __rt_lib_init_lc_numeric_1               0x000001a7   Thumb Code     0  libinit2.o(.ARM.Collect$$libinit$$00000017)
    __rt_lib_init_lc_time_1                  0x000001a7   Thumb Code     0  libinit2.o(.ARM.Collect$$libinit$$00000019)
    __rt_lib_init_preinit_1                  0x000001a7   Thumb Code     0  libinit2.o(.ARM.Collect$$libinit$$00000004)
    __rt_lib_init_rand_1                     0x000001a7   Thumb Code     0  libinit2.o(.ARM.Collect$$libinit$$0000000E)
    __rt_lib_init_return                     0x000001a7   Thumb Code     0  libinit2.o(.ARM.Collect$$libinit$$00000033)
    __rt_lib_init_signal_1                   0x000001a7   Thumb Code     0  libinit2.o(.ARM.Collect$$libinit$$0000001D)
    __rt_lib_init_stdio_1                    0x000001a7   Thumb Code     0  libinit2.o(.ARM.Collect$$libinit$$00000025)
    __rt_lib_init_user_alloc_1               0x000001a7   Thumb Code     0  libinit2.o(.ARM.Collect$$libinit$$0000000C)
    __rt_lib_shutdown                        0x000001a9   Thumb Code     0  libshutdown.o(.ARM.Collect$$libshutdown$$00000000)
    __rt_lib_shutdown_cpp_1                  0x000001ab   Thumb Code     0  libshutdown2.o(.ARM.Collect$$libshutdown$$00000004)
    __rt_lib_shutdown_fini_1                 0x000001ab   Thumb Code     0  libshutdown2.o(.ARM.Collect$$libshutdown$$00000002)
    __rt_lib_shutdown_fp_trap_1              0x000001ab   Thumb Code     0  libshutdown2.o(.ARM.Collect$$libshutdown$$00000009)
    __rt_lib_shutdown_heap_1                 0x000001ab   Thumb Code     0  libshutdown2.o(.ARM.Collect$$libshutdown$$00000011)
    __rt_lib_shutdown_return                 0x000001ab   Thumb Code     0  libshutdown2.o(.ARM.Collect$$libshutdown$$00000012)
    __rt_lib_shutdown_signal_1               0x000001ab   Thumb Code     0  libshutdown2.o(.ARM.Collect$$libshutdown$$0000000C)
    __rt_lib_shutdown_stdio_1                0x000001ab   Thumb Code     0  libshutdown2.o(.ARM.Collect$$libshutdown$$00000006)
    __rt_lib_shutdown_user_alloc_1           0x000001ab   Thumb Code     0  libshutdown2.o(.ARM.Collect$$libshutdown$$0000000E)
    __rt_entry                               0x000001ad   Thumb Code     0  __rtentry.o(.ARM.Collect$$rtentry$$00000000)
    __rt_entry_presh_1                       0x000001ad   Thumb Code     0  __rtentry2.o(.ARM.Collect$$rtentry$$00000002)
    __rt_entry_sh                            0x000001ad   Thumb Code     0  __rtentry4.o(.ARM.Collect$$rtentry$$00000004)
    __rt_entry_li                            0x000001b3   Thumb Code     0  __rtentry2.o(.ARM.Collect$$rtentry$$0000000A)
    __rt_entry_postsh_1                      0x000001b3   Thumb Code     0  __rtentry2.o(.ARM.Collect$$rtentry$$00000009)
    __rt_entry_main                          0x000001b7   Thumb Code     0  __rtentry2.o(.ARM.Collect$$rtentry$$0000000D)
    __rt_entry_postli_1                      0x000001b7   Thumb Code     0  __rtentry2.o(.ARM.Collect$$rtentry$$0000000C)
    __rt_exit                                0x000001bf   Thumb Code     0  rtexit.o(.ARM.Collect$$rtexit$$00000000)
    __rt_exit_ls                             0x000001c1   Thumb Code     0  rtexit2.o(.ARM.Collect$$rtexit$$00000003)
    __rt_exit_prels_1                        0x000001c1   Thumb Code     0  rtexit2.o(.ARM.Collect$$rtexit$$00000002)
    __rt_exit_exit                           0x000001c5   Thumb Code     0  rtexit2.o(.ARM.Collect$$rtexit$$00000004)
    delay_cycles                             0x000001cd   Thumb Code    12  delay.o(.emb_text)
    compare_higher_frequency                 0x000001d9   Thumb Code    56  frequencies_comparator.o(.emb_text)
    compare_lower_frequency                  0x00000211   Thumb Code    56  frequencies_comparator.o(.emb_text)
    leds_set                                 0x00000249   Thumb Code    78  leds.o(.text)
    leds_init                                0x00000297   Thumb Code    42  leds.o(.text)
    red_stop                                 0x000002c1   Thumb Code    20  leds.o(.text)
    strcat                                   0x000002dd   Thumb Code    24  strcat.o(.text)
    __use_two_region_memory                  0x000002f5   Thumb Code     2  heapauxi.o(.text)
    __rt_heap_escrow$2region                 0x000002f7   Thumb Code     2  heapauxi.o(.text)
    __rt_heap_expand$2region                 0x000002f9   Thumb Code     2  heapauxi.o(.text)
    __I$use$semihosting                      0x000002fb   Thumb Code     0  use_no_semi.o(.text)
    __use_no_semihosting_swi                 0x000002fb   Thumb Code     2  use_no_semi.o(.text)
    GET_ADC0_Port                            0x00000301   Thumb Code    22  adc.o(.text)
    adc_init                                 0x00000317   Thumb Code    94  adc.o(.text)
    adc_read                                 0x00000375   Thumb Code    72  adc.o(.text)
    comparator_init                          0x000003d1   Thumb Code   240  comparator.o(.text)
    comparator_set_callback                  0x000004c1   Thumb Code   106  comparator.o(.text)
    comparator_read                          0x0000052b   Thumb Code    22  comparator.o(.text)
    comparator_set_trigger                   0x00000541   Thumb Code   114  comparator.o(.text)
    CMP1_IRQHandler                          0x000005b3   Thumb Code    38  comparator.o(.text)
    gpio_get                                 0x00000601   Thumb Code    26  gpio.o(.text)
    gpio_toggle                              0x0000061b   Thumb Code    52  gpio.o(.text)
    gpio_set                                 0x0000064f   Thumb Code    44  gpio.o(.text)
    gpio_set_range                           0x0000067b   Thumb Code    42  gpio.o(.text)
    gpio_get_range                           0x000006a5   Thumb Code    30  gpio.o(.text)
    gpio_set_mode                            0x000006c3   Thumb Code   200  gpio.o(.text)
    gpio_set_trigger                         0x0000078b   Thumb Code   180  gpio.o(.text)
    gpio_set_callback                        0x0000083f   Thumb Code   126  gpio.o(.text)
    GPIO_IRQHandler                          0x000008bd   Thumb Code   140  gpio.o(.text)
    timer_init                               0x00000979   Thumb Code    62  timer.o(.text)
    timer_enable                             0x000009b7   Thumb Code    22  timer.o(.text)
    timer_disable                            0x000009cd   Thumb Code    10  timer.o(.text)
    timer_set_callback                       0x000009d7   Thumb Code   124  timer.o(.text)
    TIMER0_IRQHandler                        0x00000a53   Thumb Code    30  timer.o(.text)
    FR_TABLE_Value                           0x00000a85   Thumb Code    14  uart.o(.text)
    FR_TABLE_Construct                       0x00000a93   Thumb Code  2420  uart.o(.text)
    uart_set_baudrate                        0x00001407   Thumb Code   428  uart.o(.text)
    uart_init                                0x000015b3   Thumb Code   118  uart.o(.text)
    uart_enable                              0x00001629   Thumb Code    20  uart.o(.text)
    uart_tx                                  0x0000163d   Thumb Code    24  uart.o(.text)
    uart_print                               0x00001655   Thumb Code    22  uart.o(.text)
    uart_set_rx_callback                     0x0000166b   Thumb Code   122  uart.o(.text)
    uart_rx                                  0x000016e5   Thumb Code    24  uart.o(.text)
    UART0_IRQHandler                         0x000016fd   Thumb Code    84  uart.o(.text)
    switches_init                            0x00001789   Thumb Code    52  switches.o(.text)
    switch_get                               0x000017bd   Thumb Code    20  switches.o(.text)
    delay_ms                                 0x000017d5   Thumb Code    40  delay.o(.text)
    delay_us                                 0x000017fd   Thumb Code    38  delay.o(.text)
    EEPROM_Init                              0x0000182d   Thumb Code   104  eeprom.o(.text)
    EEPROM_Write                             0x00001895   Thumb Code   370  eeprom.o(.text)
    EEPROM_Read                              0x00001a07   Thumb Code   318  eeprom.o(.text)
    EEPROM_Erase                             0x00001b45   Thumb Code   124  eeprom.o(.text)
    EEPROM_PowerDown                         0x00001bc1   Thumb Code    20  eeprom.o(.text)
    complex_from_polar                       0x00001be9   Thumb Code   112  complex_g3.o(.text)
    complex_magnitude                        0x00001c59   Thumb Code   120  complex_g3.o(.text)
    complex_add                              0x00001cd1   Thumb Code   100  complex_g3.o(.text)
    complex_sub                              0x00001d35   Thumb Code   100  complex_g3.o(.text)
    complex_mult                             0x00001d99   Thumb Code   214  complex_g3.o(.text)
    setting_interrupt                        0x00001e71   Thumb Code    38  main.o(.text)
    decoder_operations                       0x00001e97   Thumb Code   182  main.o(.text)
    main                                     0x00001f4d   Thumb Code   186  main.o(.text)
    swap_array                               0x00002035   Thumb Code    28  reader.o(.text)
    reader_init                              0x00002051   Thumb Code   154  reader.o(.text)
    read                                     0x000020eb   Thumb Code   254  reader.o(.text)
    SysTick_Handler                          0x000021e9   Thumb Code    36  reader.o(.text)
    printError                               0x00002271   Thumb Code    94  errorm.o(.text)
    decode_dtmf                              0x000022f5   Thumb Code   796  decoder.o(.text)
    FFT_get_twiddle_factors                  0x00002639   Thumb Code   116  fft.o(.text)
    FFT_calculate                            0x000026ad   Thumb Code   466  fft.o(.text)
    FFT_simple                               0x0000287f   Thumb Code    32  fft.o(.text)
    decoder_gtzl                             0x000028b5   Thumb Code   178  decoder_gtzl.o(.text)
    mag_eqn_optimised                        0x00002979   Thumb Code   120  gtzl.o(.text)
    goertzel                                 0x000029f1   Thumb Code  1426  gtzl.o(.text)
    spi_writeBus                             0x00002f85   Thumb Code    96  lcd.o(.text)
    spi_init                                 0x00002fe5   Thumb Code    70  lcd.o(.text)
    lcd_setEnable                            0x0000302b   Thumb Code    38  lcd.o(.text)
    lcd_setRS                                0x00003051   Thumb Code    38  lcd.o(.text)
    lcd_setData                              0x00003077   Thumb Code   142  lcd.o(.text)
    lcd_write_4bit                           0x00003105   Thumb Code    38  lcd.o(.text)
    lcd_write_cmd                            0x00003143   Thumb Code    24  lcd.o(.text)
    lcd_set_cursor                           0x0000315b   Thumb Code    22  lcd.o(.text)
    lcd_init                                 0x00003171   Thumb Code    78  lcd.o(.text)
    lcd_set_cursor_visibile                  0x000031bf   Thumb Code    24  lcd.o(.text)
    lcd_clear                                0x000031d7   Thumb Code    18  lcd.o(.text)
    lcd_put_char                             0x000031e9   Thumb Code    12  lcd.o(.text)
    lcd_print                                0x000031f5   Thumb Code    22  lcd.o(.text)
    print_top                                0x0000320b   Thumb Code    42  lcd.o(.text)
    print_top_dynamic                        0x00003235   Thumb Code    52  lcd.o(.text)
    print_bottom                             0x00003269   Thumb Code    20  lcd.o(.text)
    write_eeprom_g3                          0x00003285   Thumb Code    32  eeprom_g3.o(.text)
    read_eeprom_g3                           0x000032a5   Thumb Code    24  eeprom_g3.o(.text)
    algorithm_setter                         0x000032bd   Thumb Code   186  algorithm_setter.o(.text)
    add_char_to_sequence                     0x000033d5   Thumb Code    44  frequencies_comparator.o(.text)
    frequencies_comparator                   0x00003401   Thumb Code   146  frequencies_comparator.o(.text)
    show_mask_settings                       0x000034b5   Thumb Code   518  mask_calibrate.o(.text)
    clean_flags                              0x000036bb   Thumb Code    20  mask_calibrate.o(.text)
    mask_calibrate                           0x000036cf   Thumb Code  1312  mask_calibrate.o(.text)
    scroll_LCD                               0x00003c21   Thumb Code   210  scroll_lcd.o(.text)
    Reset_Handler                            0x00003d59   Thumb Code     8  startup_lpc407x_8x_177x_8x.o(.text)
    NMI_Handler                              0x00003d61   Thumb Code     2  startup_lpc407x_8x_177x_8x.o(.text)
    HardFault_Handler                        0x00003d63   Thumb Code     2  startup_lpc407x_8x_177x_8x.o(.text)
    MemManage_Handler                        0x00003d65   Thumb Code     2  startup_lpc407x_8x_177x_8x.o(.text)
    BusFault_Handler                         0x00003d67   Thumb Code     2  startup_lpc407x_8x_177x_8x.o(.text)
    UsageFault_Handler                       0x00003d69   Thumb Code     2  startup_lpc407x_8x_177x_8x.o(.text)
    SVC_Handler                              0x00003d6b   Thumb Code     2  startup_lpc407x_8x_177x_8x.o(.text)
    DebugMon_Handler                         0x00003d6d   Thumb Code     2  startup_lpc407x_8x_177x_8x.o(.text)
    PendSV_Handler                           0x00003d6f   Thumb Code     2  startup_lpc407x_8x_177x_8x.o(.text)
    ADC_IRQHandler                           0x00003d73   Thumb Code     0  startup_lpc407x_8x_177x_8x.o(.text)
    BOD_IRQHandler                           0x00003d73   Thumb Code     0  startup_lpc407x_8x_177x_8x.o(.text)
    CANActivity_IRQHandler                   0x00003d73   Thumb Code     0  startup_lpc407x_8x_177x_8x.o(.text)
    CAN_IRQHandler                           0x00003d73   Thumb Code     0  startup_lpc407x_8x_177x_8x.o(.text)
    CMP0_IRQHandler                          0x00003d73   Thumb Code     0  startup_lpc407x_8x_177x_8x.o(.text)
    DMA_IRQHandler                           0x00003d73   Thumb Code     0  startup_lpc407x_8x_177x_8x.o(.text)
    EEPROM_IRQHandler                        0x00003d73   Thumb Code     0  startup_lpc407x_8x_177x_8x.o(.text)
    EINT0_IRQHandler                         0x00003d73   Thumb Code     0  startup_lpc407x_8x_177x_8x.o(.text)
    EINT1_IRQHandler                         0x00003d73   Thumb Code     0  startup_lpc407x_8x_177x_8x.o(.text)
    EINT2_IRQHandler                         0x00003d73   Thumb Code     0  startup_lpc407x_8x_177x_8x.o(.text)
    EINT3_IRQHandler                         0x00003d73   Thumb Code     0  startup_lpc407x_8x_177x_8x.o(.text)
    ENET_IRQHandler                          0x00003d73   Thumb Code     0  startup_lpc407x_8x_177x_8x.o(.text)
    I2C0_IRQHandler                          0x00003d73   Thumb Code     0  startup_lpc407x_8x_177x_8x.o(.text)
    I2C1_IRQHandler                          0x00003d73   Thumb Code     0  startup_lpc407x_8x_177x_8x.o(.text)
    I2C2_IRQHandler                          0x00003d73   Thumb Code     0  startup_lpc407x_8x_177x_8x.o(.text)
    I2S_IRQHandler                           0x00003d73   Thumb Code     0  startup_lpc407x_8x_177x_8x.o(.text)
    LCD_IRQHandler                           0x00003d73   Thumb Code     0  startup_lpc407x_8x_177x_8x.o(.text)
    MCI_IRQHandler                           0x00003d73   Thumb Code     0  startup_lpc407x_8x_177x_8x.o(.text)
    MCPWM_IRQHandler                         0x00003d73   Thumb Code     0  startup_lpc407x_8x_177x_8x.o(.text)
    PLL0_IRQHandler                          0x00003d73   Thumb Code     0  startup_lpc407x_8x_177x_8x.o(.text)
    PLL1_IRQHandler                          0x00003d73   Thumb Code     0  startup_lpc407x_8x_177x_8x.o(.text)
    PWM0_IRQHandler                          0x00003d73   Thumb Code     0  startup_lpc407x_8x_177x_8x.o(.text)
    PWM1_IRQHandler                          0x00003d73   Thumb Code     0  startup_lpc407x_8x_177x_8x.o(.text)
    QEI_IRQHandler                           0x00003d73   Thumb Code     0  startup_lpc407x_8x_177x_8x.o(.text)
    RTC_IRQHandler                           0x00003d73   Thumb Code     0  startup_lpc407x_8x_177x_8x.o(.text)
    SSP0_IRQHandler                          0x00003d73   Thumb Code     0  startup_lpc407x_8x_177x_8x.o(.text)
    SSP1_IRQHandler                          0x00003d73   Thumb Code     0  startup_lpc407x_8x_177x_8x.o(.text)
    SSP2_IRQHandler                          0x00003d73   Thumb Code     0  startup_lpc407x_8x_177x_8x.o(.text)
    TIMER1_IRQHandler                        0x00003d73   Thumb Code     0  startup_lpc407x_8x_177x_8x.o(.text)
    TIMER2_IRQHandler                        0x00003d73   Thumb Code     0  startup_lpc407x_8x_177x_8x.o(.text)
    TIMER3_IRQHandler                        0x00003d73   Thumb Code     0  startup_lpc407x_8x_177x_8x.o(.text)
    UART1_IRQHandler                         0x00003d73   Thumb Code     0  startup_lpc407x_8x_177x_8x.o(.text)
    UART2_IRQHandler                         0x00003d73   Thumb Code     0  startup_lpc407x_8x_177x_8x.o(.text)
    UART3_IRQHandler                         0x00003d73   Thumb Code     0  startup_lpc407x_8x_177x_8x.o(.text)
    UART4_IRQHandler                         0x00003d73   Thumb Code     0  startup_lpc407x_8x_177x_8x.o(.text)
    USBActivity_IRQHandler                   0x00003d73   Thumb Code     0  startup_lpc407x_8x_177x_8x.o(.text)
    USB_IRQHandler                           0x00003d73   Thumb Code     0  startup_lpc407x_8x_177x_8x.o(.text)
    WDT_IRQHandler                           0x00003d73   Thumb Code     0  startup_lpc407x_8x_177x_8x.o(.text)
    __user_initial_stackheap                 0x00003d75   Thumb Code     0  startup_lpc407x_8x_177x_8x.o(.text)
    SystemCoreClockUpdate                    0x00003d99   Thumb Code   696  system_lpc407x_8x_177x_8x.o(.text)
    fpu_init                                 0x00004051   Thumb Code    62  system_lpc407x_8x_177x_8x.o(.text)
    SystemInit                               0x0000408f   Thumb Code   224  system_lpc407x_8x_177x_8x.o(.text)
    strcpy                                   0x000041a1   Thumb Code    72  strcpy.o(.text)
    strlen                                   0x000041e9   Thumb Code    62  strlen.o(.text)
    __aeabi_memcpy4                          0x00004227   Thumb Code     0  rt_memcpy_w.o(.text)
    __aeabi_memcpy8                          0x00004227   Thumb Code     0  rt_memcpy_w.o(.text)
    __rt_memcpy_w                            0x00004227   Thumb Code   100  rt_memcpy_w.o(.text)
    _memcpy_lastbytes_aligned                0x0000426f   Thumb Code     0  rt_memcpy_w.o(.text)
    strncpy                                  0x0000428b   Thumb Code    86  strncpy.o(.text)
    __read_errno                             0x000042e1   Thumb Code    10  _rserrno.o(.text)
    __set_errno                              0x000042eb   Thumb Code    12  _rserrno.o(.text)
    __aeabi_memclr                           0x000042f7   Thumb Code     0  rt_memclr.o(.text)
    __rt_memclr                              0x000042f7   Thumb Code    68  rt_memclr.o(.text)
    _memset                                  0x000042fb   Thumb Code     0  rt_memclr.o(.text)
    __aeabi_errno_addr                       0x0000433d   Thumb Code     8  rt_errno_addr_intlibspace.o(.text)
    __errno$intlibspace                      0x0000433d   Thumb Code     0  rt_errno_addr_intlibspace.o(.text)
    __rt_errno_addr$intlibspace              0x0000433d   Thumb Code     0  rt_errno_addr_intlibspace.o(.text)
    __aeabi_memclr4                          0x00004345   Thumb Code     0  rt_memclr_w.o(.text)
    __aeabi_memclr8                          0x00004345   Thumb Code     0  rt_memclr_w.o(.text)
    __rt_memclr_w                            0x00004345   Thumb Code    78  rt_memclr_w.o(.text)
    _memset_w                                0x00004349   Thumb Code     0  rt_memclr_w.o(.text)
    __user_libspace                          0x00004395   Thumb Code     8  libspace.o(.text)
    __user_perproc_libspace                  0x00004395   Thumb Code     0  libspace.o(.text)
    __user_perthread_libspace                0x00004395   Thumb Code     0  libspace.o(.text)
    __user_setup_stackheap                   0x0000439d   Thumb Code    74  sys_stackheap_outer.o(.text)
    exit                                     0x000043e7   Thumb Code    18  exit.o(.text)
    _sys_exit                                0x000043f9   Thumb Code     8  sys_exit.o(.text)
    __ARM_fpclassify                         0x00004405   Thumb Code    48  fpclassify.o(i.__ARM_fpclassify)
    __semihosting_library_function           0x00004405   Thumb Code     0  indicate_semi.o(.text)
    __hardfp_cos                             0x00004439   Thumb Code   180  cos.o(i.__hardfp_cos)
    __hardfp_fabs                            0x00004501   Thumb Code    20  fabs.o(i.__hardfp_fabs)
    __hardfp_sin                             0x00004519   Thumb Code   180  sin.o(i.__hardfp_sin)
    __hardfp_sqrt                            0x000045e1   Thumb Code   122  sqrt.o(i.__hardfp_sqrt)
    __ieee754_rem_pio2                       0x00004661   Thumb Code   938  rred.o(i.__ieee754_rem_pio2)
    __kernel_cos                             0x00004a99   Thumb Code   322  cos_i.o(i.__kernel_cos)
    __kernel_poly                            0x00004c09   Thumb Code   248  poly.o(i.__kernel_poly)
    __kernel_sin                             0x00004d01   Thumb Code   280  sin_i.o(i.__kernel_sin)
    __mathlib_dbl_infnan                     0x00004e31   Thumb Code    20  dunder.o(i.__mathlib_dbl_infnan)
    __mathlib_dbl_invalid                    0x00004e49   Thumb Code    24  dunder.o(i.__mathlib_dbl_invalid)
    __mathlib_dbl_underflow                  0x00004e69   Thumb Code    24  dunder.o(i.__mathlib_dbl_underflow)
    fabs                                     0x00004e89   Thumb Code    24  fabs.o(i.fabs)
    __aeabi_dneg                             0x00004ea1   Thumb Code     0  basic.o(x$fpl$basic)
    _dneg                                    0x00004ea1   Thumb Code     6  basic.o(x$fpl$basic)
    __aeabi_fneg                             0x00004ea7   Thumb Code     0  basic.o(x$fpl$basic)
    _fneg                                    0x00004ea7   Thumb Code     6  basic.o(x$fpl$basic)
    _dabs                                    0x00004ead   Thumb Code     6  basic.o(x$fpl$basic)
    _fabs                                    0x00004eb3   Thumb Code     6  basic.o(x$fpl$basic)
    __aeabi_dadd                             0x00004eb9   Thumb Code     0  daddsub_clz.o(x$fpl$dadd)
    _dadd                                    0x00004eb9   Thumb Code   332  daddsub_clz.o(x$fpl$dadd)
    __fpl_dcmp_Inf                           0x00005009   Thumb Code    24  dcmpi.o(x$fpl$dcmpinf)
    __aeabi_ddiv                             0x00005021   Thumb Code     0  ddiv.o(x$fpl$ddiv)
    _ddiv                                    0x00005021   Thumb Code   552  ddiv.o(x$fpl$ddiv)
    __aeabi_d2iz                             0x000052d1   Thumb Code     0  dfix.o(x$fpl$dfix)
    _dfix                                    0x000052d1   Thumb Code    94  dfix.o(x$fpl$dfix)
    __aeabi_i2d                              0x0000532f   Thumb Code     0  dflt_clz.o(x$fpl$dflt)
    _dflt                                    0x0000532f   Thumb Code    46  dflt_clz.o(x$fpl$dflt)
    __aeabi_ui2d                             0x0000535d   Thumb Code     0  dflt_clz.o(x$fpl$dfltu)
    _dfltu                                   0x0000535d   Thumb Code    38  dflt_clz.o(x$fpl$dfltu)
    __aeabi_cdcmple                          0x00005385   Thumb Code     0  dleqf.o(x$fpl$dleqf)
    _dcmple                                  0x00005385   Thumb Code   120  dleqf.o(x$fpl$dleqf)
    __fpl_dcmple_InfNaN                      0x000053e7   Thumb Code     0  dleqf.o(x$fpl$dleqf)
    __aeabi_dmul                             0x000053fd   Thumb Code     0  dmul.o(x$fpl$dmul)
    _dmul                                    0x000053fd   Thumb Code   332  dmul.o(x$fpl$dmul)
    __fpl_dnaninf                            0x00005551   Thumb Code   156  dnaninf.o(x$fpl$dnaninf)
    __fpl_dretinf                            0x000055ed   Thumb Code    12  dretinf.o(x$fpl$dretinf)
    __aeabi_cdrcmple                         0x000055f9   Thumb Code     0  drleqf.o(x$fpl$drleqf)
    _drcmple                                 0x000055f9   Thumb Code   108  drleqf.o(x$fpl$drleqf)
    __aeabi_drsub                            0x00005665   Thumb Code     0  daddsub_clz.o(x$fpl$drsb)
    _drsb                                    0x00005665   Thumb Code    22  daddsub_clz.o(x$fpl$drsb)
    _dsqrt                                   0x0000567d   Thumb Code   404  dsqrt_umaal.o(x$fpl$dsqrt)
    __aeabi_dsub                             0x00005815   Thumb Code     0  daddsub_clz.o(x$fpl$dsub)
    _dsub                                    0x00005815   Thumb Code   464  daddsub_clz.o(x$fpl$dsub)
    _fp_init                                 0x000059e9   Thumb Code    10  fpinit.o(x$fpl$fpinit)
    __fplib_config_fpu_vfp                   0x000059f1   Thumb Code     0  fpinit.o(x$fpl$fpinit)
    __fplib_config_pureend_doubles           0x000059f1   Thumb Code     0  fpinit.o(x$fpl$fpinit)
    __I$use$fp                               0x000059f2   Number         0  usenofp.o(x$fpl$usenofp)
    T                                        0x000059f8   Data           8  decoder.o(.constdata)
    amplitude_threshold_low                  0x00005a00   Data           8  decoder.o(.constdata)
    amplitude_threshold_high                 0x00005a08   Data           8  decoder.o(.constdata)
    dtmf_low_freqs                           0x00005a10   Data          16  decoder.o(.constdata)
    dtmf_high_freqs                          0x00005a20   Data          16  decoder.o(.constdata)
    freq_tolerance                           0x00005a30   Data           4  decoder.o(.constdata)
    AMPL_THRS                                0x00005a38   Data           8  decoder_gtzl.o(.constdata)
    DTMF_FREQ_AMT_D2                         0x00005a40   Data           2  decoder_gtzl.o(.constdata)
    M_PI                                     0x00005a50   Data           8  gtzl.o(.constdata)
    G3_2PI                                   0x00005a58   Data           8  gtzl.o(.constdata)
    FS                                       0x00005a60   Data           2  gtzl.o(.constdata)
    GTZ_AR_SZ                                0x00005a62   Data           2  gtzl.o(.constdata)
    DTMF_FRQS                                0x00005a64   Data          16  gtzl.o(.constdata)
    K_0697                                   0x00005a74   Data           2  gtzl.o(.constdata)
    K_0770                                   0x00005a76   Data           2  gtzl.o(.constdata)
    K_0852                                   0x00005a78   Data           2  gtzl.o(.constdata)
    K_0941                                   0x00005a7a   Data           2  gtzl.o(.constdata)
    K_1209                                   0x00005a7c   Data           2  gtzl.o(.constdata)
    K_1336                                   0x00005a7e   Data           2  gtzl.o(.constdata)
    K_1477                                   0x00005a80   Data           2  gtzl.o(.constdata)
    K_1633                                   0x00005a82   Data           2  gtzl.o(.constdata)
    W_0697                                   0x00005a84   Data           4  gtzl.o(.constdata)
    W_0770                                   0x00005a88   Data           4  gtzl.o(.constdata)
    W_0852                                   0x00005a8c   Data           4  gtzl.o(.constdata)
    W_0941                                   0x00005a90   Data           4  gtzl.o(.constdata)
    W_1209                                   0x00005a94   Data           4  gtzl.o(.constdata)
    W_1336                                   0x00005a98   Data           4  gtzl.o(.constdata)
    W_1477                                   0x00005a9c   Data           4  gtzl.o(.constdata)
    W_1633                                   0x00005aa0   Data           4  gtzl.o(.constdata)
    COS_0697                                 0x00005aa4   Data           4  gtzl.o(.constdata)
    COS_0770                                 0x00005aa8   Data           4  gtzl.o(.constdata)
    COS_0852                                 0x00005aac   Data           4  gtzl.o(.constdata)
    COS_0941                                 0x00005ab0   Data           4  gtzl.o(.constdata)
    COS_1209                                 0x00005ab4   Data           4  gtzl.o(.constdata)
    COS_1336                                 0x00005ab8   Data           4  gtzl.o(.constdata)
    COS_1477                                 0x00005abc   Data           4  gtzl.o(.constdata)
    COS_1633                                 0x00005ac0   Data           4  gtzl.o(.constdata)
    SIN_0697                                 0x00005ac4   Data           4  gtzl.o(.constdata)
    SIN_0770                                 0x00005ac8   Data           4  gtzl.o(.constdata)
    SIN_0852                                 0x00005acc   Data           4  gtzl.o(.constdata)
    SIN_0941                                 0x00005ad0   Data           4  gtzl.o(.constdata)
    SIN_1209                                 0x00005ad4   Data           4  gtzl.o(.constdata)
    SIN_1336                                 0x00005ad8   Data           4  gtzl.o(.constdata)
    SIN_1477                                 0x00005adc   Data           4  gtzl.o(.constdata)
    SIN_1633                                 0x00005ae0   Data           4  gtzl.o(.constdata)
    CEF_0697                                 0x00005ae4   Data           4  gtzl.o(.constdata)
    CEF_0770                                 0x00005ae8   Data           4  gtzl.o(.constdata)
    CEF_0852                                 0x00005aec   Data           4  gtzl.o(.constdata)
    CEF_0941                                 0x00005af0   Data           4  gtzl.o(.constdata)
    CEF_1209                                 0x00005af4   Data           4  gtzl.o(.constdata)
    CEF_1336                                 0x00005af8   Data           4  gtzl.o(.constdata)
    CEF_1477                                 0x00005afc   Data           4  gtzl.o(.constdata)
    CEF_1633                                 0x00005b00   Data           4  gtzl.o(.constdata)
    Region$$Table$$Base                      0x00005cc8   Number         0  anon$$obj.o(Region$$Table)
    Region$$Table$$Limit                     0x00005ce8   Number         0  anon$$obj.o(Region$$Table)
    IRQ_status                               0x10000004   Data           4  gpio.o(.data)
    IRQ_port_num                             0x10000008   Data           4  gpio.o(.data)
    IRQ_pin_index                            0x1000000c   Data           4  gpio.o(.data)
    red_flag                                 0x1000001c   Data           4  leds.o(.data)
    last_char                                0x10000020   Data           1  main.o(.data)
    algorithm                                0x10000024   Data           4  main.o(.data)
    g_scrolling                              0x10000028   Data           4  main.o(.data)
    g_scroll_offset                          0x1000002c   Data           4  main.o(.data)
    current_data                             0x10000030   Data           4  reader.o(.data)
    array_ready                              0x10000034   Data           4  reader.o(.data)
    current_array                            0x10000038   Data           4  reader.o(.data)
    vadc                                     0x10000040   Data           8  reader.o(.data)
    res                                      0x10000048   Data           4  reader.o(.data)
    counter                                  0x1000004c   Data           4  reader.o(.data)
    status_flag                              0x10000050   Data           4  reader.o(.data)
    data_ready                               0x10000054   Data           4  reader.o(.data)
    g_systick_counter                        0x10000058   Data           4  reader.o(.data)
    max_amplitude                            0x10000060   Data           8  reader.o(.data)
    half_amplitude                           0x10000068   Data           8  reader.o(.data)
    calibrated                               0x10000070   Data           4  reader.o(.data)
    _spi_bus                                 0x10000074   Data           1  lcd.o(.data)
    mask_value                               0x10000078   Data           8  mask_calibrate.o(.data)
    standards_masks                          0x10000080   Data          80  mask_calibrate.o(.data)
    standards_flags                          0x100000d0   Data          36  mask_calibrate.o(.data)
    vadc_                                    0x100000f8   Data           8  mask_calibrate.o(.data)
    last_mask                                0x10000100   Data           8  mask_calibrate.o(.data)
    scrolling_counter                        0x10000108   Data           4  mask_calibrate.o(.data)
    k                                        0x1000010c   Data           4  mask_calibrate.o(.data)
    instructions                             0x10000110   Data          70  mask_calibrate.o(.data)
    instructions_                            0x10000156   Data          70  mask_calibrate.o(.data)
    last_tick_counter                        0x1000019c   Data           4  scroll_lcd.o(.data)
    SystemCoreClock                          0x100001a0   Data           4  system_lpc407x_8x_177x_8x.o(.data)
    PeripheralClock                          0x100001a4   Data           4  system_lpc407x_8x_177x_8x.o(.data)
    EMCClock                                 0x100001a8   Data           4  system_lpc407x_8x_177x_8x.o(.data)
    USBClock                                 0x100001ac   Data           4  system_lpc407x_8x_177x_8x.o(.data)
    Fractional_Divider_Array                 0x100001b0   Data         864  uart.o(.bss)
    sequence                                 0x10000510   Data         100  main.o(.bss)
    main_array                               0x10000578   Data        8192  reader.o(.bss)
    secondary_array                          0x10002578   Data        8192  reader.o(.bss)
    p                                        0x10004578   Data          16  errorm.o(.bss)
    error_text                               0x10004588   Data          12  errorm.o(.bss)
    out                                      0x10004598   Data        8192  fft.o(.bss)
    scratch                                  0x10006598   Data        8192  fft.o(.bss)
    twiddles                                 0x10008598   Data        8192  fft.o(.bss)
    __libspace_start                         0x1000a598   Data          96  libspace.o(.bss)
    __temporary_stack_top$libspace           0x1000a5f8   Data           0  libspace.o(.bss)



==============================================================================

Memory Map of the image

  Image Entry point : 0x00003d59

  Load Region LR_1 (Base: 0x00000000, Size: 0x00005e98, Max: 0xffffffff, ABSOLUTE, COMPRESSED[0x00005d5c])

    Execution Region ER_RO (Exec base: 0x00000000, Load base: 0x00000000, Size: 0x00005ce8, Max: 0xffffffff, ABSOLUTE)

    Exec Addr    Load Addr    Size         Type   Attr      Idx    E Section Name        Object

    0x00000000   0x00000000   0x000000ec   Data   RO          843    RESET               startup_lpc407x_8x_177x_8x.o
    0x000000ec   0x000000ec   0x00000008   Code   RO          895  * !!!main             c_w.l(__main.o)
    0x000000f4   0x000000f4   0x00000034   Code   RO         1178    !!!scatter          c_w.l(__scatter.o)
    0x00000128   0x00000128   0x0000005a   Code   RO         1176    !!dczerorl2         c_w.l(__dczerorl2.o)
    0x00000182   0x00000182   0x00000002   PAD
    0x00000184   0x00000184   0x0000001c   Code   RO         1180    !!handler_zi        c_w.l(__scatter_zi.o)
    0x000001a0   0x000001a0   0x00000002   Code   RO         1047    .ARM.Collect$$libinit$$00000000  c_w.l(libinit.o)
    0x000001a2   0x000001a2   0x00000004   Code   RO         1050    .ARM.Collect$$libinit$$00000001  c_w.l(libinit2.o)
    0x000001a6   0x000001a6   0x00000000   Code   RO         1053    .ARM.Collect$$libinit$$00000004  c_w.l(libinit2.o)
    0x000001a6   0x000001a6   0x00000000   Code   RO         1056    .ARM.Collect$$libinit$$0000000A  c_w.l(libinit2.o)
    0x000001a6   0x000001a6   0x00000000   Code   RO         1058    .ARM.Collect$$libinit$$0000000C  c_w.l(libinit2.o)
    0x000001a6   0x000001a6   0x00000000   Code   RO         1060    .ARM.Collect$$libinit$$0000000E  c_w.l(libinit2.o)
    0x000001a6   0x000001a6   0x00000000   Code   RO         1063    .ARM.Collect$$libinit$$00000011  c_w.l(libinit2.o)
    0x000001a6   0x000001a6   0x00000000   Code   RO         1065    .ARM.Collect$$libinit$$00000013  c_w.l(libinit2.o)
    0x000001a6   0x000001a6   0x00000000   Code   RO         1067    .ARM.Collect$$libinit$$00000015  c_w.l(libinit2.o)
    0x000001a6   0x000001a6   0x00000000   Code   RO         1069    .ARM.Collect$$libinit$$00000017  c_w.l(libinit2.o)
    0x000001a6   0x000001a6   0x00000000   Code   RO         1071    .ARM.Collect$$libinit$$00000019  c_w.l(libinit2.o)
    0x000001a6   0x000001a6   0x00000000   Code   RO         1073    .ARM.Collect$$libinit$$0000001B  c_w.l(libinit2.o)
    0x000001a6   0x000001a6   0x00000000   Code   RO         1075    .ARM.Collect$$libinit$$0000001D  c_w.l(libinit2.o)
    0x000001a6   0x000001a6   0x00000000   Code   RO         1077    .ARM.Collect$$libinit$$0000001F  c_w.l(libinit2.o)
    0x000001a6   0x000001a6   0x00000000   Code   RO         1079    .ARM.Collect$$libinit$$00000021  c_w.l(libinit2.o)
    0x000001a6   0x000001a6   0x00000000   Code   RO         1081    .ARM.Collect$$libinit$$00000023  c_w.l(libinit2.o)
    0x000001a6   0x000001a6   0x00000000   Code   RO         1083    .ARM.Collect$$libinit$$00000025  c_w.l(libinit2.o)
    0x000001a6   0x000001a6   0x00000000   Code   RO         1087    .ARM.Collect$$libinit$$0000002C  c_w.l(libinit2.o)
    0x000001a6   0x000001a6   0x00000000   Code   RO         1089    .ARM.Collect$$libinit$$0000002E  c_w.l(libinit2.o)
    0x000001a6   0x000001a6   0x00000000   Code   RO         1091    .ARM.Collect$$libinit$$00000030  c_w.l(libinit2.o)
    0x000001a6   0x000001a6   0x00000000   Code   RO         1093    .ARM.Collect$$libinit$$00000032  c_w.l(libinit2.o)
    0x000001a6   0x000001a6   0x00000002   Code   RO         1094    .ARM.Collect$$libinit$$00000033  c_w.l(libinit2.o)
    0x000001a8   0x000001a8   0x00000002   Code   RO         1114    .ARM.Collect$$libshutdown$$00000000  c_w.l(libshutdown.o)
    0x000001aa   0x000001aa   0x00000000   Code   RO         1127    .ARM.Collect$$libshutdown$$00000002  c_w.l(libshutdown2.o)
    0x000001aa   0x000001aa   0x00000000   Code   RO         1129    .ARM.Collect$$libshutdown$$00000004  c_w.l(libshutdown2.o)
    0x000001aa   0x000001aa   0x00000000   Code   RO         1131    .ARM.Collect$$libshutdown$$00000006  c_w.l(libshutdown2.o)
    0x000001aa   0x000001aa   0x00000000   Code   RO         1134    .ARM.Collect$$libshutdown$$00000009  c_w.l(libshutdown2.o)
    0x000001aa   0x000001aa   0x00000000   Code   RO         1137    .ARM.Collect$$libshutdown$$0000000C  c_w.l(libshutdown2.o)
    0x000001aa   0x000001aa   0x00000000   Code   RO         1139    .ARM.Collect$$libshutdown$$0000000E  c_w.l(libshutdown2.o)
    0x000001aa   0x000001aa   0x00000000   Code   RO         1142    .ARM.Collect$$libshutdown$$00000011  c_w.l(libshutdown2.o)
    0x000001aa   0x000001aa   0x00000002   Code   RO         1143    .ARM.Collect$$libshutdown$$00000012  c_w.l(libshutdown2.o)
    0x000001ac   0x000001ac   0x00000000   Code   RO          961    .ARM.Collect$$rtentry$$00000000  c_w.l(__rtentry.o)
    0x000001ac   0x000001ac   0x00000000   Code   RO         1006    .ARM.Collect$$rtentry$$00000002  c_w.l(__rtentry2.o)
    0x000001ac   0x000001ac   0x00000006   Code   RO         1018    .ARM.Collect$$rtentry$$00000004  c_w.l(__rtentry4.o)
    0x000001b2   0x000001b2   0x00000000   Code   RO         1008    .ARM.Collect$$rtentry$$00000009  c_w.l(__rtentry2.o)
    0x000001b2   0x000001b2   0x00000004   Code   RO         1009    .ARM.Collect$$rtentry$$0000000A  c_w.l(__rtentry2.o)
    0x000001b6   0x000001b6   0x00000000   Code   RO         1011    .ARM.Collect$$rtentry$$0000000C  c_w.l(__rtentry2.o)
    0x000001b6   0x000001b6   0x00000008   Code   RO         1012    .ARM.Collect$$rtentry$$0000000D  c_w.l(__rtentry2.o)
    0x000001be   0x000001be   0x00000002   Code   RO         1048    .ARM.Collect$$rtexit$$00000000  c_w.l(rtexit.o)
    0x000001c0   0x000001c0   0x00000000   Code   RO         1096    .ARM.Collect$$rtexit$$00000002  c_w.l(rtexit2.o)
    0x000001c0   0x000001c0   0x00000004   Code   RO         1097    .ARM.Collect$$rtexit$$00000003  c_w.l(rtexit2.o)
    0x000001c4   0x000001c4   0x00000006   Code   RO         1098    .ARM.Collect$$rtexit$$00000004  c_w.l(rtexit2.o)
    0x000001ca   0x000001ca   0x00000002   PAD
    0x000001cc   0x000001cc   0x0000000c   Code   RO          301    .emb_text           delay.o
    0x000001d8   0x000001d8   0x00000070   Code   RO          761    .emb_text           frequencies_comparator.o
    0x00000248   0x00000248   0x00000094   Code   RO          244    .text               leds.o
    0x000002dc   0x000002dc   0x00000018   Code   RO          887    .text               c_w.l(strcat.o)
    0x000002f4   0x000002f4   0x00000006   Code   RO          893    .text               c_w.l(heapauxi.o)
    0x000002fa   0x000002fa   0x00000002   Code   RO         1117    .text               c_w.l(use_no_semi.o)
    0x000002fc   0x000002fc   0x00000004   Code   RO          844    .ARM.__at_0x02FC    startup_lpc407x_8x_177x_8x.o
    0x00000300   0x00000300   0x000000d0   Code   RO            4    .text               adc.o
    0x000003d0   0x000003d0   0x00000230   Code   RO           63    .text               comparator.o
    0x00000600   0x00000600   0x00000378   Code   RO          123    .text               gpio.o
    0x00000978   0x00000978   0x0000010c   Code   RO          184    .text               timer.o
    0x00000a84   0x00000a84   0x00000d04   Code   RO          213    .text               uart.o
    0x00001788   0x00001788   0x0000004c   Code   RO          274    .text               switches.o
    0x000017d4   0x000017d4   0x00000058   Code   RO          302    .text               delay.o
    0x0000182c   0x0000182c   0x000003bc   Code   RO          332    .text               eeprom.o
    0x00001be8   0x00001be8   0x00000286   Code   RO          365    .text               complex_g3.o
    0x00001e6e   0x00001e6e   0x00000002   PAD
    0x00001e70   0x00001e70   0x000001c4   Code   RO          410    .text               main.o
    0x00002034   0x00002034   0x0000023c   Code   RO          496    .text               reader.o
    0x00002270   0x00002270   0x00000084   Code   RO          538    .text               errorm.o
    0x000022f4   0x000022f4   0x00000344   Code   RO          568    .text               decoder.o
    0x00002638   0x00002638   0x0000027c   Code   RO          595    .text               fft.o
    0x000028b4   0x000028b4   0x000000c4   Code   RO          622    .text               decoder_gtzl.o
    0x00002978   0x00002978   0x0000060a   Code   RO          649    .text               gtzl.o
    0x00002f82   0x00002f82   0x00000002   PAD
    0x00002f84   0x00002f84   0x00000300   Code   RO          679    .text               lcd.o
    0x00003284   0x00003284   0x00000038   Code   RO          709    .text               eeprom_g3.o
    0x000032bc   0x000032bc   0x00000118   Code   RO          736    .text               algorithm_setter.o
    0x000033d4   0x000033d4   0x000000e0   Code   RO          762    .text               frequencies_comparator.o
    0x000034b4   0x000034b4   0x0000076c   Code   RO          790    .text               mask_calibrate.o
    0x00003c20   0x00003c20   0x00000138   Code   RO          817    .text               scroll_lcd.o
    0x00003d58   0x00003d58   0x00000040   Code   RO          845  * .text               startup_lpc407x_8x_177x_8x.o
    0x00003d98   0x00003d98   0x00000408   Code   RO          854    .text               system_lpc407x_8x_177x_8x.o
    0x000041a0   0x000041a0   0x00000048   Code   RO          883    .text               c_w.l(strcpy.o)
    0x000041e8   0x000041e8   0x0000003e   Code   RO          885    .text               c_w.l(strlen.o)
    0x00004226   0x00004226   0x00000064   Code   RO          889    .text               c_w.l(rt_memcpy_w.o)
    0x0000428a   0x0000428a   0x00000056   Code   RO          891    .text               c_w.l(strncpy.o)
    0x000042e0   0x000042e0   0x00000016   Code   RO          962    .text               c_w.l(_rserrno.o)
    0x000042f6   0x000042f6   0x00000044   Code   RO          964    .text               c_w.l(rt_memclr.o)
    0x0000433a   0x0000433a   0x00000002   PAD
    0x0000433c   0x0000433c   0x00000008   Code   RO         1023    .text               c_w.l(rt_errno_addr_intlibspace.o)
    0x00004344   0x00004344   0x0000004e   Code   RO         1025    .text               c_w.l(rt_memclr_w.o)
    0x00004392   0x00004392   0x00000002   PAD
    0x00004394   0x00004394   0x00000008   Code   RO         1035    .text               c_w.l(libspace.o)
    0x0000439c   0x0000439c   0x0000004a   Code   RO         1038    .text               c_w.l(sys_stackheap_outer.o)
    0x000043e6   0x000043e6   0x00000012   Code   RO         1040    .text               c_w.l(exit.o)
    0x000043f8   0x000043f8   0x0000000c   Code   RO         1106    .text               c_w.l(sys_exit.o)
    0x00004404   0x00004404   0x00000000   Code   RO         1119    .text               c_w.l(indicate_semi.o)
    0x00004404   0x00004404   0x00000030   Code   RO         1031    i.__ARM_fpclassify  m_wm.l(fpclassify.o)
    0x00004434   0x00004434   0x00000004   PAD
    0x00004438   0x00004438   0x000000c8   Code   RO          919    i.__hardfp_cos      m_wm.l(cos.o)
    0x00004500   0x00004500   0x00000014   Code   RO          931    i.__hardfp_fabs     m_wm.l(fabs.o)
    0x00004514   0x00004514   0x00000004   PAD
    0x00004518   0x00004518   0x000000c8   Code   RO          937    i.__hardfp_sin      m_wm.l(sin.o)
    0x000045e0   0x000045e0   0x0000007a   Code   RO          949    i.__hardfp_sqrt     m_wm.l(sqrt.o)
    0x0000465a   0x0000465a   0x00000006   PAD
    0x00004660   0x00004660   0x00000438   Code   RO          994    i.__ieee754_rem_pio2  m_wm.l(rred.o)
    0x00004a98   0x00004a98   0x00000170   Code   RO          977    i.__kernel_cos      m_wm.l(cos_i.o)
    0x00004c08   0x00004c08   0x000000f8   Code   RO         1033    i.__kernel_poly     m_wm.l(poly.o)
    0x00004d00   0x00004d00   0x00000130   Code   RO          999    i.__kernel_sin      m_wm.l(sin_i.o)
    0x00004e30   0x00004e30   0x00000014   Code   RO          981    i.__mathlib_dbl_infnan  m_wm.l(dunder.o)
    0x00004e44   0x00004e44   0x00000004   PAD
    0x00004e48   0x00004e48   0x00000020   Code   RO          983    i.__mathlib_dbl_invalid  m_wm.l(dunder.o)
    0x00004e68   0x00004e68   0x00000020   Code   RO          986    i.__mathlib_dbl_underflow  m_wm.l(dunder.o)
    0x00004e88   0x00004e88   0x00000018   Code   RO          933    i.fabs              m_wm.l(fabs.o)
    0x00004ea0   0x00004ea0   0x00000018   Code   RO          966    x$fpl$basic         fz_wm.l(basic.o)
    0x00004eb8   0x00004eb8   0x00000150   Code   RO          897    x$fpl$dadd          fz_wm.l(daddsub_clz.o)
    0x00005008   0x00005008   0x00000018   Code   RO          968    x$fpl$dcmpinf       fz_wm.l(dcmpi.o)
    0x00005020   0x00005020   0x000002b0   Code   RO          904    x$fpl$ddiv          fz_wm.l(ddiv.o)
    0x000052d0   0x000052d0   0x0000005e   Code   RO         1027    x$fpl$dfix          fz_wm.l(dfix.o)
    0x0000532e   0x0000532e   0x0000002e   Code   RO          908    x$fpl$dflt          fz_wm.l(dflt_clz.o)
    0x0000535c   0x0000535c   0x00000026   Code   RO          907    x$fpl$dfltu         fz_wm.l(dflt_clz.o)
    0x00005382   0x00005382   0x00000002   PAD
    0x00005384   0x00005384   0x00000078   Code   RO          913    x$fpl$dleqf         fz_wm.l(dleqf.o)
    0x000053fc   0x000053fc   0x00000154   Code   RO          915    x$fpl$dmul          fz_wm.l(dmul.o)
    0x00005550   0x00005550   0x0000009c   Code   RO          970    x$fpl$dnaninf       fz_wm.l(dnaninf.o)
    0x000055ec   0x000055ec   0x0000000c   Code   RO          972    x$fpl$dretinf       fz_wm.l(dretinf.o)
    0x000055f8   0x000055f8   0x0000006c   Code   RO          917    x$fpl$drleqf        fz_wm.l(drleqf.o)
    0x00005664   0x00005664   0x00000016   Code   RO          898    x$fpl$drsb          fz_wm.l(daddsub_clz.o)
    0x0000567a   0x0000567a   0x00000002   PAD
    0x0000567c   0x0000567c   0x00000198   Code   RO          974    x$fpl$dsqrt         fz_wm.l(dsqrt_umaal.o)
    0x00005814   0x00005814   0x000001d4   Code   RO          899    x$fpl$dsub          fz_wm.l(daddsub_clz.o)
    0x000059e8   0x000059e8   0x0000000a   Code   RO         1104    x$fpl$fpinit        fz_wm.l(fpinit.o)
    0x000059f2   0x000059f2   0x00000000   Code   RO          976    x$fpl$usenofp       fz_wm.l(usenofp.o)
    0x000059f2   0x000059f2   0x00000006   PAD
    0x000059f8   0x000059f8   0x0000003c   Data   RO          569    .constdata          decoder.o
    0x00005a34   0x00005a34   0x00000004   PAD
    0x00005a38   0x00005a38   0x00000014   Data   RO          623    .constdata          decoder_gtzl.o
    0x00005a4c   0x00005a4c   0x00000004   PAD
    0x00005a50   0x00005a50   0x000000b4   Data   RO          650    .constdata          gtzl.o
    0x00005b04   0x00005b04   0x0000008e   Data   RO          737    .constdata          algorithm_setter.o
    0x00005b92   0x00005b92   0x00000002   PAD
    0x00005b94   0x00005b94   0x00000010   Data   RO          763    .constdata          frequencies_comparator.o
    0x00005ba4   0x00005ba4   0x00000004   PAD
    0x00005ba8   0x00005ba8   0x00000030   Data   RO          978    .constdata          m_wm.l(cos_i.o)
    0x00005bd8   0x00005bd8   0x000000c8   Data   RO          996    .constdata          m_wm.l(rred.o)
    0x00005ca0   0x00005ca0   0x00000028   Data   RO         1000    .constdata          m_wm.l(sin_i.o)
    0x00005cc8   0x00005cc8   0x00000020   Data   RO         1174    Region$$Table       anon$$obj.o


    Execution Region ER_RW (Exec base: 0x10000000, Load base: 0x00005ce8, Size: 0x000001b0, Max: 0xffffffff, ABSOLUTE, COMPRESSED[0x00000074])

    Exec Addr    Load Addr    Size         Type   Attr      Idx    E Section Name        Object

    0x10000000   COMPRESSED   0x00000004   Data   RW           64    .data               comparator.o
    0x10000004   COMPRESSED   0x00000010   Data   RW          124    .data               gpio.o
    0x10000014   COMPRESSED   0x00000004   Data   RW          185    .data               timer.o
    0x10000018   COMPRESSED   0x00000004   Data   RW          215    .data               uart.o
    0x1000001c   COMPRESSED   0x00000004   Data   RW          245    .data               leds.o
    0x10000020   COMPRESSED   0x00000010   Data   RW          412    .data               main.o
    0x10000030   COMPRESSED   0x00000044   Data   RW          498    .data               reader.o
    0x10000074   COMPRESSED   0x00000001   Data   RW          680    .data               lcd.o
    0x10000075   COMPRESSED   0x00000003   PAD
    0x10000078   COMPRESSED   0x00000124   Data   RW          791    .data               mask_calibrate.o
    0x1000019c   COMPRESSED   0x00000004   Data   RW          818    .data               scroll_lcd.o
    0x100001a0   COMPRESSED   0x00000010   Data   RW          855    .data               system_lpc407x_8x_177x_8x.o


    Execution Region ER_ZI (Exec base: 0x100001b0, Load base: 0x00005d5c, Size: 0x0000ac48, Max: 0xffffffff, ABSOLUTE)

    Exec Addr    Load Addr    Size         Type   Attr      Idx    E Section Name        Object

    0x100001b0        -       0x00000360   Zero   RW          214    .bss                uart.o
    0x10000510        -       0x00000064   Zero   RW          411    .bss                main.o
    0x10000574   0x00005d5c   0x00000004   PAD
    0x10000578        -       0x00004000   Zero   RW          497    .bss                reader.o
    0x10004578        -       0x0000001c   Zero   RW          539    .bss                errorm.o
    0x10004594   0x00005d5c   0x00000004   PAD
    0x10004598        -       0x00006000   Zero   RW          596    .bss                fft.o
    0x1000a598        -       0x00000060   Zero   RW         1036    .bss                c_w.l(libspace.o)
    0x1000a5f8        -       0x00000400   Zero   RW          842    HEAP                startup_lpc407x_8x_177x_8x.o
    0x1000a9f8        -       0x00000400   Zero   RW          841    STACK               startup_lpc407x_8x_177x_8x.o


==============================================================================

Image component sizes


      Code (inc. data)   RO Data    RW Data    ZI Data      Debug   Object Name

       208         20          0          0          0      31678   adc.o
       280         94        142          0          0        875   algorithm_setter.o
       560         40          0          4          0      33064   comparator.o
       646          0          0          0          0       2864   complex_g3.o
       836         40         60          0          0       2045   decoder.o
       196         18         20          0          0       1704   decoder_gtzl.o
       100         10          0          0          0       1228   delay.o
       956         20          0          0          0       4833   eeprom.o
        56          0          0          0          0        733   eeprom_g3.o
       132         38          0          0         28       1048   errorm.o
       636         22          0          0      24576       2710   fft.o
       336         34         16          0          0       1894   frequencies_comparator.o
       888         54          0         16          0      34610   gpio.o
      1546         72        180          0          0       4098   gtzl.o
       768          8          0          1          0       3802   lcd.o
       148          8          0          4          0       1121   leds.o
       452         46          0         16        100       2991   main.o
      1900        360          0        292          0       2788   mask_calibrate.o
       572        100          0         68      16384      32503   reader.o
       312        102          0          4          0        965   scroll_lcd.o
        68         30        236          0       2048       1148   startup_lpc407x_8x_177x_8x.o
        76          4          0          0          0        723   switches.o
      1032         50          0         16          0       3844   system_lpc407x_8x_177x_8x.o
       268         20          0          4          0       2381   timer.o
      3332        310          0          4        864       5412   uart.o

    ----------------------------------------------------------------------
     16308       1500        700        432      44008     181062   Object Totals
         0          0         32          0          0          0   (incl. Generated)
         4          0         14          3          8          0   (incl. Padding)

    ----------------------------------------------------------------------

      Code (inc. data)   RO Data    RW Data    ZI Data      Debug   Library Member Name

        90          0          0          0          0          0   __dczerorl2.o
         8          0          0          0          0         68   __main.o
         0          0          0          0          0          0   __rtentry.o
        12          0          0          0          0          0   __rtentry2.o
         6          0          0          0          0          0   __rtentry4.o
        52          8          0          0          0          0   __scatter.o
        28          0          0          0          0          0   __scatter_zi.o
        22          0          0          0          0        100   _rserrno.o
        18          0          0          0          0         80   exit.o
         6          0          0          0          0        152   heapauxi.o
         0          0          0          0          0          0   indicate_semi.o
         2          0          0          0          0          0   libinit.o
         6          0          0          0          0          0   libinit2.o
         2          0          0          0          0          0   libshutdown.o
         2          0          0          0          0          0   libshutdown2.o
         8          4          0          0         96         68   libspace.o
         8          4          0          0          0         68   rt_errno_addr_intlibspace.o
        68          0          0          0          0         68   rt_memclr.o
        78          0          0          0          0         80   rt_memclr_w.o
       100          0          0          0          0         80   rt_memcpy_w.o
         2          0          0          0          0          0   rtexit.o
        10          0          0          0          0          0   rtexit2.o
        24          0          0          0          0         68   strcat.o
        72          0          0          0          0         80   strcpy.o
        62          0          0          0          0         76   strlen.o
        86          0          0          0          0         76   strncpy.o
        12          4          0          0          0         68   sys_exit.o
        74          0          0          0          0         80   sys_stackheap_outer.o
         2          0          0          0          0         68   use_no_semi.o
        24          0          0          0          0        164   basic.o
       826         16          0          0          0        492   daddsub_clz.o
        24          0          0          0          0        116   dcmpi.o
       688        140          0          0          0        256   ddiv.o
        94          4          0          0          0        140   dfix.o
        84          0          0          0          0        232   dflt_clz.o
       120          4          0          0          0        140   dleqf.o
       340         12          0          0          0        152   dmul.o
       156          4          0          0          0        140   dnaninf.o
        12          0          0          0          0        116   dretinf.o
       108          0          0          0          0        128   drleqf.o
       408         56          0          0          0        168   dsqrt_umaal.o
        10          0          0          0          0        116   fpinit.o
         0          0          0          0          0          0   usenofp.o
       200         20          0          0          0        164   cos.o
       368         46         48          0          0        200   cos_i.o
        84         16          0          0          0        372   dunder.o
        44          0          0          0          0        248   fabs.o
        48          0          0          0          0        124   fpclassify.o
       248          0          0          0          0        152   poly.o
      1080        142        200          0          0        188   rred.o
       200         20          0          0          0        164   sin.o
       304         24         40          0          0        208   sin_i.o
       122          0          0          0          0        148   sqrt.o

    ----------------------------------------------------------------------
      6488        524        288          0         96       5608   Library Totals
        36          0          0          0          0          0   (incl. Padding)

    ----------------------------------------------------------------------

      Code (inc. data)   RO Data    RW Data    ZI Data      Debug   Library Name

       860         20          0          0         96       1280   c_w.l
      2894        236          0          0          0       2360   fz_wm.l
      2698        268        288          0          0       1968   m_wm.l

    ----------------------------------------------------------------------
      6488        524        288          0         96       5608   Library Totals

    ----------------------------------------------------------------------

==============================================================================


      Code (inc. data)   RO Data    RW Data    ZI Data      Debug   

     22796       2024        988        432      44104     179746   Grand Totals
     22796       2024        988        116      44104     179746   ELF Image Totals (compressed)
     22796       2024        988        116          0          0   ROM Totals

==============================================================================

    Total RO  Size (Code + RO Data)                23784 (  23.23kB)
    Total RW  Size (RW Data + ZI Data)             44536 (  43.49kB)
    Total ROM Size (Code + RO Data + RW Data)      23900 (  23.34kB)

==============================================================================

