<html>
<body>
<pre>
<h1>µVision Build Log</h1>
<h2>Tool Versions:</h2>
IDE-Version: µVision V5.39.0.0
Copyright (C) 2023 ARM Ltd and ARM Germany GmbH. All rights reserved.
License Information: Gioele Giunta, MathAI, LIC=----
 
Tool Versions:
Toolchain:       MDK-Lite  Version: 5.39.0.0
Toolchain Path:  C:\Keil_v5\ARM\ARMCC5\Bin
C Compiler:      Armcc.exe V5.06 update 7 (build 960)
Assembler:       Armasm.exe V5.06 update 7 (build 960)
Linker/Locator:  ArmLink.exe V5.06 update 7 (build 960)
Library Manager: ArmAr.exe V5.06 update 7 (build 960)
Hex Converter:   FromElf.exe V5.06 update 7 (build 960)
CPU DLL:         SARMCM3.DLL V5.39.0.0
Dialog DLL:      DCM.DLL V1.17.5.0
Target DLL:      CMSIS_AGDI.dll V1.33.16.0
Dialog DLL:      TCM.DLL V1.56.4.0
 
<h2>Project:</h2>
O:\Documenti\Carriera Scolastica\UM\CCE2014\Assignment\code\trunk\BasicUI.uvprojx
Project File Date:  05/10/2024

<h2>Output:</h2>
*** Using Compiler 'V5.06 update 7 (build 960)', folder: 'C:\Keil_v5\ARM\ARMCC5\Bin'
Rebuild target 'Target 1'
compiling comparator.c...
compiling delay.c...
compiling dac.c...
compiling leds.c...
compiling switches.c...
compiling reader.c...
compiling errorm.c...
compiling i2c.c...
compiling timer.c...
compiling adc.c...
compiling gpio.c...
compiling eeprom.c...
compiling complex_g3.c...
compiling main.c...
compiling uart.c...
compiling decoder.c...
compiling decoder_gtzl.c...
compiling fft.c...
compiling eeprom_g3.c...
assembling startup_LPC407x_8x_177x_8x.s...
compiling lcd.c...
compiling gtzl.c...
compiling algorithm_setter.c...
compiling frequencies_comparator.c...
compiling scroll_lcd.c...
compiling mask_calibrate.c...
compiling system_LPC407x_8x_177x_8x.c...
linking...
Program Size: Code=22796 RO-data=988 RW-data=432 ZI-data=44104  
".\obj\BasicUI.axf" - 0 Error(s), 0 Warning(s).

<h2>Software Packages used:</h2>

Package Vendor: ARM
                http://www.keil.com/pack/ARM.CMSIS.5.9.0.pack
                ARM::CMSIS@5.9.0
                CMSIS (Common Microcontroller Software Interface Standard)
   * Component: CORE Version: 5.6.0

Package Vendor: Keil
                https://www.keil.com/pack/Keil.LPC4000_DFP.2.2.2.pack
                Keil::LPC4000_DFP@2.2.2
                NXP LPC4000 Series Device Support
   * Component: Startup Version: 1.0.1

<h2>Collection of Component include folders:</h2>
  ./RTE/Device/LPC4088FET208
  ./RTE/_Target_1
  C:/Users/giunt/AppData/Local/Arm/Packs/ARM/CMSIS/5.9.0/CMSIS/Core/Include
  C:/Users/giunt/AppData/Local/Arm/Packs/Keil/LPC4000_DFP/2.2.2/Device/Include

<h2>Collection of Component Files used:</h2>

   * Component: ARM::CMSIS:CORE@5.6.0

   * Component: Keil::Device:Startup@1.0.1
      Include file:  Device/Include/LPC407x_8x_177x_8x.h
      Source file:   Device/Source/ARM/startup_LPC407x_8x_177x_8x.s
      Source file:   Device/Source/system_LPC407x_8x_177x_8x.c
      Include file:  Device/Include/system_LPC407x_8x_177x_8x.h
      Include file:  RTE_Driver/Config/RTE_Device.h
Build Time Elapsed:  00:00:01
</pre>
</body>
</html>
